======================================================================
  SF-9 ABLATION MATRIX (Stage 6 — component isolation)
======================================================================
[data] train=82,121 val=15,643 test=331,185 (phase cache)
[resume] 2 completed cells will be skipped
[Partition] Americas (NASA/NOAA)           | n= 16,688 | flare rate:  80.5%
[Partition] Europe (ESA/PROBA-2)           | n= 29,273 | flare rate:  28.6%
[Partition] Asia-Pacific (JAXA)            | n= 14,480 | flare rate:  36.9%
[Partition] South Asia (ISRO)              | n= 17,716 | flare rate:  64.2%
[Partition] East Asia (KASI)               | n=  1,879 | flare rate:  37.3%
[Partition] Oceania (BoM)                  | n=  2,085 | flare rate:  43.5%
[Partition] coverage: 82,121/82,121 (100.0%) — disjoint by construction

[cell] {'algorithm': 'fedavg', 'mu': 0.0, 'loss': 'fed_focal', 'aggregation': 'dafl', 'balancing': 'none'}
[Model] Creating SolarMLP (input_dim=144, seed=42)
[Model] CUDA not available — using CPU. Install CUDA PyTorch build for GPU acceleration.
[Model] Parameters: 29,377
============================================================
 FEDAVG [cpu] | MLP | agg=dafl | pos_rate=0.489
 monitoring: VALIDATION (15,643 samples)
============================================================
      [DA-FL] Round 1 weights (cap=2/6):
        Client 0: size_w=0.203, phi=1.283, final_w=0.261 (pos_rate=0.805)
        Client 1: size_w=0.356, phi=0.765, final_w=0.273 (pos_rate=0.286)
        Client 2: size_w=0.025, phi=0.944, final_w=0.024 (pos_rate=0.435)
        Client 3: size_w=0.176, phi=0.869, final_w=0.153 (pos_rate=0.369)
        Client 4: size_w=0.023, phi=0.874, final_w=0.020 (pos_rate=0.373)
        Client 5: size_w=0.216, phi=1.146, final_w=0.247 (pos_rate=0.642)
  Round   5 | val F1: 0.657 | val Recall: 1.000 | val ROC-AUC: 0.993
      [DA-FL] Round 10 weights (cap=2/6):
        Client 0: size_w=0.356, phi=0.765, final_w=0.273 (pos_rate=0.286)
        Client 1: size_w=0.216, phi=1.146, final_w=0.247 (pos_rate=0.642)
        Client 2: size_w=0.023, phi=0.874, final_w=0.020 (pos_rate=0.373)
        Client 3: size_w=0.025, phi=0.944, final_w=0.024 (pos_rate=0.435)
        Client 4: size_w=0.176, phi=0.869, final_w=0.153 (pos_rate=0.369)
        Client 5: size_w=0.203, phi=1.283, final_w=0.261 (pos_rate=0.805)
  Round  10 | val F1: 0.657 | val Recall: 1.000 | val ROC-AUC: 0.991
  Round  15 | val F1: 0.657 | val Recall: 1.000 | val ROC-AUC: 0.993
      [DA-FL] Round 20 weights (cap=2/6):
        Client 0: size_w=0.023, phi=0.874, final_w=0.020 (pos_rate=0.373)
        Client 1: size_w=0.176, phi=0.869, final_w=0.153 (pos_rate=0.369)
        Client 2: size_w=0.356, phi=0.765, final_w=0.273 (pos_rate=0.286)
        Client 3: size_w=0.203, phi=1.283, final_w=0.261 (pos_rate=0.805)
        Client 4: size_w=0.216, phi=1.146, final_w=0.247 (pos_rate=0.642)
        Client 5: size_w=0.025, phi=0.944, final_w=0.024 (pos_rate=0.435)
  Round  20 | val F1: 0.657 | val Recall: 1.000 | val ROC-AUC: 0.988

  [fedavg] Restored best VALIDATION checkpoint (val F1=0.657)
[cell] TEST F1=0.059 PR-AUC=0.275 R=0.999
[save] incremental results -> outputs/ablation_results.json (3 cells)

[cell] {'algorithm': 'fedavg', 'mu': 0.0, 'loss': 'fed_focal', 'aggregation': 'dafl', 'balancing': 'smote'}
[Model] Creating SolarMLP (input_dim=144, seed=42)
[Model] CUDA not available — using CPU. Install CUDA PyTorch build for GPU acceleration.
[Model] Parameters: 29,377
============================================================
 FEDAVG [cpu] | MLP | agg=dafl | pos_rate=0.489
 monitoring: VALIDATION (15,643 samples)
============================================================
      [DA-FL] Round 1 weights (cap=2/6):
        Client 0: size_w=0.203, phi=1.283, final_w=0.261 (pos_rate=0.805)
        Client 1: size_w=0.356, phi=0.765, final_w=0.273 (pos_rate=0.286)
        Client 2: size_w=0.025, phi=0.944, final_w=0.024 (pos_rate=0.435)
        Client 3: size_w=0.176, phi=0.869, final_w=0.153 (pos_rate=0.369)
        Client 4: size_w=0.023, phi=0.874, final_w=0.020 (pos_rate=0.373)
        Client 5: size_w=0.216, phi=1.146, final_w=0.247 (pos_rate=0.642)
  Round   5 | val F1: 0.657 | val Recall: 1.000 | val ROC-AUC: 0.993
      [DA-FL] Round 10 weights (cap=2/6):
        Client 0: size_w=0.356, phi=0.765, final_w=0.273 (pos_rate=0.286)
        Client 1: size_w=0.216, phi=1.146, final_w=0.247 (pos_rate=0.642)
        Client 2: size_w=0.023, phi=0.874, final_w=0.020 (pos_rate=0.373)
        Client 3: size_w=0.025, phi=0.944, final_w=0.024 (pos_rate=0.435)
        Client 4: size_w=0.176, phi=0.869, final_w=0.153 (pos_rate=0.369)
        Client 5: size_w=0.203, phi=1.283, final_w=0.261 (pos_rate=0.805)
  Round  10 | val F1: 0.657 | val Recall: 1.000 | val ROC-AUC: 0.991
  Round  15 | val F1: 0.657 | val Recall: 1.000 | val ROC-AUC: 0.993
      [DA-FL] Round 20 weights (cap=2/6):
        Client 0: size_w=0.023, phi=0.874, final_w=0.020 (pos_rate=0.373)
        Client 1: size_w=0.176, phi=0.869, final_w=0.153 (pos_rate=0.369)
        Client 2: size_w=0.356, phi=0.765, final_w=0.273 (pos_rate=0.286)
        Client 3: size_w=0.203, phi=1.283, final_w=0.261 (pos_rate=0.805)
        Client 4: size_w=0.216, phi=1.146, final_w=0.247 (pos_rate=0.642)
        Client 5: size_w=0.025, phi=0.944, final_w=0.024 (pos_rate=0.435)
  Round  20 | val F1: 0.657 | val Recall: 1.000 | val ROC-AUC: 0.988

  [fedavg] Restored best VALIDATION checkpoint (val F1=0.657)
[cell] TEST F1=0.059 PR-AUC=0.275 R=0.999
[save] incremental results -> outputs/ablation_results.json (4 cells)

[cell] {'algorithm': 'fedavg', 'mu': 0.0, 'loss': 'weighted_bce', 'aggregation': 'plain', 'balancing': 'none'}
[Model] Creating SolarMLP (input_dim=144, seed=42)
[Model] CUDA not available — using CPU. Install CUDA PyTorch build for GPU acceleration.
[Model] Parameters: 29,377
============================================================
 FEDAVG [cpu] | MLP | agg=plain | pos_rate=0.489
 monitoring: VALIDATION (15,643 samples)
============================================================
  Round   5 | val F1: 0.713 | val Recall: 1.000 | val ROC-AUC: 0.991
  Round  10 | val F1: 0.015 | val Recall: 0.008 | val ROC-AUC: 0.985
  Round  15 | val F1: 0.000 | val Recall: 0.000 | val ROC-AUC: 0.879
  Round  20 | val F1: 0.000 | val Recall: 0.000 | val ROC-AUC: 0.715

  [fedavg] Restored best VALIDATION checkpoint (val F1=0.713)
[cell] TEST F1=0.063 PR-AUC=0.308 R=0.998
[save] incremental results -> outputs/ablation_results.json (5 cells)

[cell] {'algorithm': 'fedavg', 'mu': 0.0, 'loss': 'weighted_bce', 'aggregation': 'plain', 'balancing': 'smote'}
[Model] Creating SolarMLP (input_dim=144, seed=42)
[Model] CUDA not available — using CPU. Install CUDA PyTorch build for GPU acceleration.
[Model] Parameters: 29,377
============================================================
 FEDAVG [cpu] | MLP | agg=plain | pos_rate=0.489
 monitoring: VALIDATION (15,643 samples)
============================================================
======================================================================
  SF-9 ABLATION MATRIX (Stage 6 — component isolation)
======================================================================
[data] train=82,121 val=15,643 test=331,185 (phase cache)
[resume] 5 completed cells will be skipped
[Partition] Americas (NASA/NOAA)           | n= 16,688 | flare rate:  80.5%
[Partition] Europe (ESA/PROBA-2)           | n= 29,273 | flare rate:  28.6%
[Partition] Asia-Pacific (JAXA)            | n= 14,480 | flare rate:  36.9%
[Partition] South Asia (ISRO)              | n= 17,716 | flare rate:  64.2%
[Partition] East Asia (KASI)               | n=  1,879 | flare rate:  37.3%
[Partition] Oceania (BoM)                  | n=  2,085 | flare rate:  43.5%
[Partition] coverage: 82,121/82,121 (100.0%) — disjoint by construction

[cell] {'algorithm': 'fedavg', 'mu': 0.0, 'loss': 'weighted_bce', 'aggregation': 'plain', 'balancing': 'smote'}
[Model] Creating SolarMLP (input_dim=144, seed=42)
[Model] CUDA not available — using CPU. Install CUDA PyTorch build for GPU acceleration.
[Model] Parameters: 29,377
  [fedavg] resuming from round 5 (crash recovery)
============================================================
 FEDAVG [cpu] | MLP | agg=plain | pos_rate=0.489
 monitoring: VALIDATION (15,643 samples)
============================================================
  Round   5 | val F1: 0.713 | val Recall: 1.000 | val ROC-AUC: 0.991
  Round  10 | val F1: 0.015 | val Recall: 0.008 | val ROC-AUC: 0.985
  Round  15 | val F1: 0.000 | val Recall: 0.000 | val ROC-AUC: 0.879
  Round  20 | val F1: 0.000 | val Recall: 0.000 | val ROC-AUC: 0.715

  [fedavg] Restored best VALIDATION checkpoint (val F1=0.713)
[cell] TEST F1=0.063 PR-AUC=0.308 R=0.998
[save] incremental results -> outputs/ablation_results.json (6 cells)

[cell] {'algorithm': 'fedavg', 'mu': 0.0, 'loss': 'weighted_bce', 'aggregation': 'dafl', 'balancing': 'none'}
[Model] Creating SolarMLP (input_dim=144, seed=42)
[Model] CUDA not available — using CPU. Install CUDA PyTorch build for GPU acceleration.
[Model] Parameters: 29,377
============================================================
 FEDAVG [cpu] | MLP | agg=dafl | pos_rate=0.489
 monitoring: VALIDATION (15,643 samples)
============================================================
      [DA-FL] Round 1 weights (cap=2/6):
        Client 0: size_w=0.203, phi=1.283, final_w=0.261 (pos_rate=0.805)
        Client 1: size_w=0.356, phi=0.765, final_w=0.273 (pos_rate=0.286)
        Client 2: size_w=0.025, phi=0.944, final_w=0.024 (pos_rate=0.435)
        Client 3: size_w=0.176, phi=0.869, final_w=0.153 (pos_rate=0.369)
        Client 4: size_w=0.023, phi=0.874, final_w=0.020 (pos_rate=0.373)
        Client 5: size_w=0.216, phi=1.146, final_w=0.247 (pos_rate=0.642)
  Round   5 | val F1: 0.657 | val Recall: 1.000 | val ROC-AUC: 0.994
      [DA-FL] Round 10 weights (cap=2/6):
        Client 0: size_w=0.356, phi=0.765, final_w=0.273 (pos_rate=0.286)
        Client 1: size_w=0.216, phi=1.146, final_w=0.247 (pos_rate=0.642)
        Client 2: size_w=0.023, phi=0.874, final_w=0.020 (pos_rate=0.373)
        Client 3: size_w=0.025, phi=0.944, final_w=0.024 (pos_rate=0.435)
        Client 4: size_w=0.176, phi=0.869, final_w=0.153 (pos_rate=0.369)
        Client 5: size_w=0.203, phi=1.283, final_w=0.261 (pos_rate=0.805)
  Round  10 | val F1: 0.657 | val Recall: 1.000 | val ROC-AUC: 0.989
  Round  15 | val F1: 0.657 | val Recall: 1.000 | val ROC-AUC: 0.866
      [DA-FL] Round 20 weights (cap=2/6):
        Client 0: size_w=0.023, phi=0.874, final_w=0.020 (pos_rate=0.373)
        Client 1: size_w=0.176, phi=0.869, final_w=0.153 (pos_rate=0.369)
        Client 2: size_w=0.356, phi=0.765, final_w=0.273 (pos_rate=0.286)
        Client 3: size_w=0.203, phi=1.283, final_w=0.261 (pos_rate=0.805)
        Client 4: size_w=0.216, phi=1.146, final_w=0.247 (pos_rate=0.642)
        Client 5: size_w=0.025, phi=0.944, final_w=0.024 (pos_rate=0.435)
  Round  20 | val F1: 0.657 | val Recall: 1.000 | val ROC-AUC: 0.568

  [fedavg] Restored best VALIDATION checkpoint (val F1=0.657)
[cell] TEST F1=0.074 PR-AUC=0.297 R=0.999
[save] incremental results -> outputs/ablation_results.json (7 cells)

[cell] {'algorithm': 'fedavg', 'mu': 0.0, 'loss': 'weighted_bce', 'aggregation': 'dafl', 'balancing': 'smote'}
[Model] Creating SolarMLP (input_dim=144, seed=42)
[Model] CUDA not available — using CPU. Install CUDA PyTorch build for GPU acceleration.
[Model] Parameters: 29,377
============================================================
 FEDAVG [cpu] | MLP | agg=dafl | pos_rate=0.489
 monitoring: VALIDATION (15,643 samples)
============================================================
      [DA-FL] Round 1 weights (cap=2/6):
        Client 0: size_w=0.203, phi=1.283, final_w=0.261 (pos_rate=0.805)
        Client 1: size_w=0.356, phi=0.765, final_w=0.273 (pos_rate=0.286)
        Client 2: size_w=0.025, phi=0.944, final_w=0.024 (pos_rate=0.435)
        Client 3: size_w=0.176, phi=0.869, final_w=0.153 (pos_rate=0.369)
        Client 4: size_w=0.023, phi=0.874, final_w=0.020 (pos_rate=0.373)
        Client 5: size_w=0.216, phi=1.146, final_w=0.247 (pos_rate=0.642)
  Round   5 | val F1: 0.657 | val Recall: 1.000 | val ROC-AUC: 0.994
      [DA-FL] Round 10 weights (cap=2/6):
        Client 0: size_w=0.356, phi=0.765, final_w=0.273 (pos_rate=0.286)
        Client 1: size_w=0.216, phi=1.146, final_w=0.247 (pos_rate=0.642)
        Client 2: size_w=0.023, phi=0.874, final_w=0.020 (pos_rate=0.373)
        Client 3: size_w=0.025, phi=0.944, final_w=0.024 (pos_rate=0.435)
        Client 4: size_w=0.176, phi=0.869, final_w=0.153 (pos_rate=0.369)
        Client 5: size_w=0.203, phi=1.283, final_w=0.261 (pos_rate=0.805)
  Round  10 | val F1: 0.657 | val Recall: 1.000 | val ROC-AUC: 0.989
  Round  15 | val F1: 0.657 | val Recall: 1.000 | val ROC-AUC: 0.866
      [DA-FL] Round 20 weights (cap=2/6):
        Client 0: size_w=0.023, phi=0.874, final_w=0.020 (pos_rate=0.373)
        Client 1: size_w=0.176, phi=0.869, final_w=0.153 (pos_rate=0.369)
        Client 2: size_w=0.356, phi=0.765, final_w=0.273 (pos_rate=0.286)
        Client 3: size_w=0.203, phi=1.283, final_w=0.261 (pos_rate=0.805)
        Client 4: size_w=0.216, phi=1.146, final_w=0.247 (pos_rate=0.642)
        Client 5: size_w=0.025, phi=0.944, final_w=0.024 (pos_rate=0.435)
  Round  20 | val F1: 0.657 | val Recall: 1.000 | val ROC-AUC: 0.568

  [fedavg] Restored best VALIDATION checkpoint (val F1=0.657)
[cell] TEST F1=0.074 PR-AUC=0.297 R=0.999
[save] incremental results -> outputs/ablation_results.json (8 cells)

[cell] {'algorithm': 'fedavg', 'mu': 0.0, 'loss': 'bce', 'aggregation': 'plain', 'balancing': 'none'}
[Model] Creating SolarMLP (input_dim=144, seed=42)
[Model] CUDA not available — using CPU. Install CUDA PyTorch build for GPU acceleration.
[Model] Parameters: 29,377
  [fedavg] resuming from round 14 (crash recovery)
============================================================
 FEDAVG [cpu] | MLP | agg=plain | pos_rate=0.489
 monitoring: VALIDATION (15,643 samples)
============================================================
  Round  15 | val F1: 0.477 | val Recall: 0.324 | val ROC-AUC: 0.859
  Round  20 | val F1: 0.000 | val Recall: 0.000 | val ROC-AUC: 0.617

  [fedavg] Restored best VALIDATION checkpoint (val F1=0.657)
[cell] TEST F1=0.083 PR-AUC=0.256 R=0.999
[save] incremental results -> outputs/ablation_results.json (9 cells)

[cell] {'algorithm': 'fedavg', 'mu': 0.0, 'loss': 'bce', 'aggregation': 'plain', 'balancing': 'smote'}
[Model] Creating SolarMLP (input_dim=144, seed=42)
[Model] CUDA not available — using CPU. Install CUDA PyTorch build for GPU acceleration.
[Model] Parameters: 29,377
============================================================
 FEDAVG [cpu] | MLP | agg=plain | pos_rate=0.489
 monitoring: VALIDATION (15,643 samples)
============================================================
======================================================================
  SF-9 ABLATION MATRIX (Stage 6 — component isolation)
======================================================================
[data] train=82,121 val=15,643 test=331,185 (phase cache)
[resume] 9 completed cells will be skipped
[Partition] Americas (NASA/NOAA)           | n= 16,688 | flare rate:  80.5%
[Partition] Europe (ESA/PROBA-2)           | n= 29,273 | flare rate:  28.6%
[Partition] Asia-Pacific (JAXA)            | n= 14,480 | flare rate:  36.9%
[Partition] South Asia (ISRO)              | n= 17,716 | flare rate:  64.2%
[Partition] East Asia (KASI)               | n=  1,879 | flare rate:  37.3%
[Partition] Oceania (BoM)                  | n=  2,085 | flare rate:  43.5%
[Partition] coverage: 82,121/82,121 (100.0%) — disjoint by construction

[cell] {'algorithm': 'fedavg', 'mu': 0.0, 'loss': 'bce', 'aggregation': 'plain', 'balancing': 'smote'}
[Model] Creating SolarMLP (input_dim=144, seed=42)
[Model] CUDA not available — using CPU. Install CUDA PyTorch build for GPU acceleration.
[Model] Parameters: 29,377
  [fedavg] resuming from round 4 (crash recovery)
============================================================
 FEDAVG [cpu] | MLP | agg=plain | pos_rate=0.489
 monitoring: VALIDATION (15,643 samples)
============================================================
  Round   5 | val F1: 0.657 | val Recall: 1.000 | val ROC-AUC: 0.989
  Round  10 | val F1: 0.657 | val Recall: 1.000 | val ROC-AUC: 0.986
  Round  15 | val F1: 0.477 | val Recall: 0.324 | val ROC-AUC: 0.859
  Round  20 | val F1: 0.000 | val Recall: 0.000 | val ROC-AUC: 0.617

  [fedavg] Restored best VALIDATION checkpoint (val F1=0.657)
[cell] TEST F1=0.083 PR-AUC=0.256 R=0.999
[save] incremental results -> outputs/ablation_results.json (10 cells)

[cell] {'algorithm': 'fedavg', 'mu': 0.0, 'loss': 'bce', 'aggregation': 'dafl', 'balancing': 'none'}
[Model] Creating SolarMLP (input_dim=144, seed=42)
[Model] CUDA not available — using CPU. Install CUDA PyTorch build for GPU acceleration.
[Model] Parameters: 29,377
============================================================
 FEDAVG [cpu] | MLP | agg=dafl | pos_rate=0.489
 monitoring: VALIDATION (15,643 samples)
============================================================
      [DA-FL] Round 1 weights (cap=2/6):
        Client 0: size_w=0.203, phi=1.283, final_w=0.261 (pos_rate=0.805)
        Client 1: size_w=0.356, phi=0.765, final_w=0.273 (pos_rate=0.286)
        Client 2: size_w=0.025, phi=0.944, final_w=0.024 (pos_rate=0.435)
        Client 3: size_w=0.176, phi=0.869, final_w=0.153 (pos_rate=0.369)
        Client 4: size_w=0.023, phi=0.874, final_w=0.020 (pos_rate=0.373)
        Client 5: size_w=0.216, phi=1.146, final_w=0.247 (pos_rate=0.642)
  Round   5 | val F1: 0.657 | val Recall: 1.000 | val ROC-AUC: 0.990
      [DA-FL] Round 10 weights (cap=2/6):
        Client 0: size_w=0.356, phi=0.765, final_w=0.273 (pos_rate=0.286)
        Client 1: size_w=0.216, phi=1.146, final_w=0.247 (pos_rate=0.642)
        Client 2: size_w=0.023, phi=0.874, final_w=0.020 (pos_rate=0.373)
        Client 3: size_w=0.025, phi=0.944, final_w=0.024 (pos_rate=0.435)
        Client 4: size_w=0.176, phi=0.869, final_w=0.153 (pos_rate=0.369)
        Client 5: size_w=0.203, phi=1.283, final_w=0.261 (pos_rate=0.805)
  Round  10 | val F1: 0.657 | val Recall: 1.000 | val ROC-AUC: 0.988
  Round  15 | val F1: 0.657 | val Recall: 1.000 | val ROC-AUC: 0.926
      [DA-FL] Round 20 weights (cap=2/6):
        Client 0: size_w=0.023, phi=0.874, final_w=0.020 (pos_rate=0.373)
        Client 1: size_w=0.176, phi=0.869, final_w=0.153 (pos_rate=0.369)
        Client 2: size_w=0.356, phi=0.765, final_w=0.273 (pos_rate=0.286)
        Client 3: size_w=0.203, phi=1.283, final_w=0.261 (pos_rate=0.805)
        Client 4: size_w=0.216, phi=1.146, final_w=0.247 (pos_rate=0.642)
        Client 5: size_w=0.025, phi=0.944, final_w=0.024 (pos_rate=0.435)
  Round  20 | val F1: 0.657 | val Recall: 1.000 | val ROC-AUC: 0.441

  [fedavg] Restored best VALIDATION checkpoint (val F1=0.657)
[cell] TEST F1=0.081 PR-AUC=0.298 R=0.999
[save] incremental results -> outputs/ablation_results.json (11 cells)

[cell] {'algorithm': 'fedavg', 'mu': 0.0, 'loss': 'bce', 'aggregation': 'dafl', 'balancing': 'smote'}
[Model] Creating SolarMLP (input_dim=144, seed=42)
[Model] CUDA not available — using CPU. Install CUDA PyTorch build for GPU acceleration.
[Model] Parameters: 29,377
============================================================
 FEDAVG [cpu] | MLP | agg=dafl | pos_rate=0.489
 monitoring: VALIDATION (15,643 samples)
============================================================
      [DA-FL] Round 1 weights (cap=2/6):
        Client 0: size_w=0.203, phi=1.283, final_w=0.261 (pos_rate=0.805)
        Client 1: size_w=0.356, phi=0.765, final_w=0.273 (pos_rate=0.286)
        Client 2: size_w=0.025, phi=0.944, final_w=0.024 (pos_rate=0.435)
        Client 3: size_w=0.176, phi=0.869, final_w=0.153 (pos_rate=0.369)
        Client 4: size_w=0.023, phi=0.874, final_w=0.020 (pos_rate=0.373)
        Client 5: size_w=0.216, phi=1.146, final_w=0.247 (pos_rate=0.642)
  Round   5 | val F1: 0.657 | val Recall: 1.000 | val ROC-AUC: 0.990
      [DA-FL] Round 10 weights (cap=2/6):
        Client 0: size_w=0.356, phi=0.765, final_w=0.273 (pos_rate=0.286)
        Client 1: size_w=0.216, phi=1.146, final_w=0.247 (pos_rate=0.642)
        Client 2: size_w=0.023, phi=0.874, final_w=0.020 (pos_rate=0.373)
        Client 3: size_w=0.025, phi=0.944, final_w=0.024 (pos_rate=0.435)
        Client 4: size_w=0.176, phi=0.869, final_w=0.153 (pos_rate=0.369)
        Client 5: size_w=0.203, phi=1.283, final_w=0.261 (pos_rate=0.805)
  Round  10 | val F1: 0.657 | val Recall: 1.000 | val ROC-AUC: 0.988
  Round  15 | val F1: 0.657 | val Recall: 1.000 | val ROC-AUC: 0.926
      [DA-FL] Round 20 weights (cap=2/6):
        Client 0: size_w=0.023, phi=0.874, final_w=0.020 (pos_rate=0.373)
        Client 1: size_w=0.176, phi=0.869, final_w=0.153 (pos_rate=0.369)
        Client 2: size_w=0.356, phi=0.765, final_w=0.273 (pos_rate=0.286)
        Client 3: size_w=0.203, phi=1.283, final_w=0.261 (pos_rate=0.805)
        Client 4: size_w=0.216, phi=1.146, final_w=0.247 (pos_rate=0.642)
        Client 5: size_w=0.025, phi=0.944, final_w=0.024 (pos_rate=0.435)
  Round  20 | val F1: 0.657 | val Recall: 1.000 | val ROC-AUC: 0.441

  [fedavg] Restored best VALIDATION checkpoint (val F1=0.657)
[cell] TEST F1=0.081 PR-AUC=0.298 R=0.999
[save] incremental results -> outputs/ablation_results.json (12 cells)

[cell] {'algorithm': 'fedprox', 'mu': 0.01, 'loss': 'fed_focal', 'aggregation': 'plain', 'balancing': 'none'}
[Model] Creating SolarMLP (input_dim=144, seed=42)
[Model] CUDA not available — using CPU. Install CUDA PyTorch build for GPU acceleration.
[Model] Parameters: 29,377
============================================================
 FedProx (mu=0.01) [cpu] | MLP | agg=plain | pos_rate=0.489
 monitoring: VALIDATION (15,643 samples)
============================================================
  Round   5 | val F1: 0.657 | val Recall: 1.000 | val ROC-AUC: 0.994
======================================================================
  SF-9 ABLATION MATRIX (Stage 6 — component isolation)
======================================================================
[data] train=82,121 val=15,643 test=331,185 (phase cache)
[resume] 12 completed cells will be skipped
[Partition] Americas (NASA/NOAA)           | n= 16,688 | flare rate:  80.5%
[Partition] Europe (ESA/PROBA-2)           | n= 29,273 | flare rate:  28.6%
[Partition] Asia-Pacific (JAXA)            | n= 14,480 | flare rate:  36.9%
[Partition] South Asia (ISRO)              | n= 17,716 | flare rate:  64.2%
[Partition] East Asia (KASI)               | n=  1,879 | flare rate:  37.3%
[Partition] Oceania (BoM)                  | n=  2,085 | flare rate:  43.5%
[Partition] coverage: 82,121/82,121 (100.0%) — disjoint by construction

[cell] {'algorithm': 'fedprox', 'mu': 0.01, 'loss': 'fed_focal', 'aggregation': 'plain', 'balancing': 'none'}
[Model] Creating SolarMLP (input_dim=144, seed=42)
[Model] CUDA not available — using CPU. Install CUDA PyTorch build for GPU acceleration.
[Model] Parameters: 29,377
  [fedprox] resuming from round 8 (crash recovery)
============================================================
 FedProx (mu=0.01) [cpu] | MLP | agg=plain | pos_rate=0.489
 monitoring: VALIDATION (15,643 samples)
============================================================
  Round  10 | val F1: 0.657 | val Recall: 1.000 | val ROC-AUC: 0.992
  Round  15 | val F1: 0.657 | val Recall: 1.000 | val ROC-AUC: 0.991
  Round  20 | val F1: 0.657 | val Recall: 1.000 | val ROC-AUC: 0.990

  [fedprox] Restored best VALIDATION checkpoint (val F1=0.657)
[cell] TEST F1=0.042 PR-AUC=0.308 R=0.999
[save] incremental results -> outputs/ablation_results.json (13 cells)

[cell] {'algorithm': 'fedprox', 'mu': 0.01, 'loss': 'fed_focal', 'aggregation': 'plain', 'balancing': 'smote'}
[Model] Creating SolarMLP (input_dim=144, seed=42)
[Model] CUDA not available — using CPU. Install CUDA PyTorch build for GPU acceleration.
[Model] Parameters: 29,377
============================================================
 FedProx (mu=0.01) [cpu] | MLP | agg=plain | pos_rate=0.489
 monitoring: VALIDATION (15,643 samples)
============================================================
  Round   5 | val F1: 0.657 | val Recall: 1.000 | val ROC-AUC: 0.994
  Round  10 | val F1: 0.657 | val Recall: 1.000 | val ROC-AUC: 0.992
  Round  15 | val F1: 0.657 | val Recall: 1.000 | val ROC-AUC: 0.991
  Round  20 | val F1: 0.657 | val Recall: 1.000 | val ROC-AUC: 0.990

  [fedprox] Restored best VALIDATION checkpoint (val F1=0.657)
[cell] TEST F1=0.042 PR-AUC=0.308 R=0.999
[save] incremental results -> outputs/ablation_results.json (14 cells)

[cell] {'algorithm': 'fedprox', 'mu': 0.01, 'loss': 'fed_focal', 'aggregation': 'dafl', 'balancing': 'none'}
[Model] Creating SolarMLP (input_dim=144, seed=42)
[Model] CUDA not available — using CPU. Install CUDA PyTorch build for GPU acceleration.
[Model] Parameters: 29,377
============================================================
 FedProx (mu=0.01) [cpu] | MLP | agg=dafl | pos_rate=0.489
 monitoring: VALIDATION (15,643 samples)
============================================================
      [DA-FL] Round 1 weights (cap=2/6):
        Client 0: size_w=0.203, phi=1.283, final_w=0.261 (pos_rate=0.805)
        Client 1: size_w=0.356, phi=0.765, final_w=0.273 (pos_rate=0.286)
        Client 2: size_w=0.025, phi=0.944, final_w=0.024 (pos_rate=0.435)
        Client 3: size_w=0.176, phi=0.869, final_w=0.153 (pos_rate=0.369)
        Client 4: size_w=0.023, phi=0.874, final_w=0.020 (pos_rate=0.373)
        Client 5: size_w=0.216, phi=1.146, final_w=0.247 (pos_rate=0.642)
  Round   5 | val F1: 0.657 | val Recall: 1.000 | val ROC-AUC: 0.993
      [DA-FL] Round 10 weights (cap=2/6):
        Client 0: size_w=0.356, phi=0.765, final_w=0.273 (pos_rate=0.286)
        Client 1: size_w=0.216, phi=1.146, final_w=0.247 (pos_rate=0.642)
        Client 2: size_w=0.023, phi=0.874, final_w=0.020 (pos_rate=0.373)
        Client 3: size_w=0.025, phi=0.944, final_w=0.024 (pos_rate=0.435)
        Client 4: size_w=0.176, phi=0.869, final_w=0.153 (pos_rate=0.369)
        Client 5: size_w=0.203, phi=1.283, final_w=0.261 (pos_rate=0.805)
  Round  10 | val F1: 0.657 | val Recall: 1.000 | val ROC-AUC: 0.992
  Round  15 | val F1: 0.657 | val Recall: 1.000 | val ROC-AUC: 0.990
      [DA-FL] Round 20 weights (cap=2/6):
        Client 0: size_w=0.023, phi=0.874, final_w=0.020 (pos_rate=0.373)
        Client 1: size_w=0.176, phi=0.869, final_w=0.153 (pos_rate=0.369)
        Client 2: size_w=0.356, phi=0.765, final_w=0.273 (pos_rate=0.286)
        Client 3: size_w=0.203, phi=1.283, final_w=0.261 (pos_rate=0.805)
        Client 4: size_w=0.216, phi=1.146, final_w=0.247 (pos_rate=0.642)
        Client 5: size_w=0.025, phi=0.944, final_w=0.024 (pos_rate=0.435)
  Round  20 | val F1: 0.657 | val Recall: 1.000 | val ROC-AUC: 0.990

  [fedprox] Restored best VALIDATION checkpoint (val F1=0.657)
[cell] TEST F1=0.051 PR-AUC=0.305 R=0.999
[save] incremental results -> outputs/ablation_results.json (15 cells)

[cell] {'algorithm': 'fedprox', 'mu': 0.01, 'loss': 'fed_focal', 'aggregation': 'dafl', 'balancing': 'smote'}
[Model] Creating SolarMLP (input_dim=144, seed=42)
[Model] CUDA not available — using CPU. Install CUDA PyTorch build for GPU acceleration.
[Model] Parameters: 29,377
============================================================
 FedProx (mu=0.01) [cpu] | MLP | agg=dafl | pos_rate=0.489
 monitoring: VALIDATION (15,643 samples)
============================================================
      [DA-FL] Round 1 weights (cap=2/6):
        Client 0: size_w=0.203, phi=1.283, final_w=0.261 (pos_rate=0.805)
        Client 1: size_w=0.356, phi=0.765, final_w=0.273 (pos_rate=0.286)
        Client 2: size_w=0.025, phi=0.944, final_w=0.024 (pos_rate=0.435)
        Client 3: size_w=0.176, phi=0.869, final_w=0.153 (pos_rate=0.369)
        Client 4: size_w=0.023, phi=0.874, final_w=0.020 (pos_rate=0.373)
        Client 5: size_w=0.216, phi=1.146, final_w=0.247 (pos_rate=0.642)
======================================================================
  SF-9 ABLATION MATRIX (Stage 6 — component isolation)
======================================================================
[data] train=82,121 val=15,643 test=331,185 (phase cache)
[resume] 15 completed cells will be skipped
[Partition] Americas (NASA/NOAA)           | n= 16,688 | flare rate:  80.5%
[Partition] Europe (ESA/PROBA-2)           | n= 29,273 | flare rate:  28.6%
[Partition] Asia-Pacific (JAXA)            | n= 14,480 | flare rate:  36.9%
[Partition] South Asia (ISRO)              | n= 17,716 | flare rate:  64.2%
[Partition] East Asia (KASI)               | n=  1,879 | flare rate:  37.3%
[Partition] Oceania (BoM)                  | n=  2,085 | flare rate:  43.5%
[Partition] coverage: 82,121/82,121 (100.0%) — disjoint by construction

[cell] {'algorithm': 'fedprox', 'mu': 0.01, 'loss': 'fed_focal', 'aggregation': 'dafl', 'balancing': 'smote'}
[Model] Creating SolarMLP (input_dim=144, seed=42)
[Model] CUDA not available — using CPU. Install CUDA PyTorch build for GPU acceleration.
[Model] Parameters: 29,377
  [fedprox] resuming from round 3 (crash recovery)
============================================================
 FedProx (mu=0.01) [cpu] | MLP | agg=dafl | pos_rate=0.489
 monitoring: VALIDATION (15,643 samples)
============================================================
  Round   5 | val F1: 0.657 | val Recall: 1.000 | val ROC-AUC: 0.993
      [DA-FL] Round 10 weights (cap=2/6):
        Client 0: size_w=0.356, phi=0.765, final_w=0.273 (pos_rate=0.286)
        Client 1: size_w=0.216, phi=1.146, final_w=0.247 (pos_rate=0.642)
        Client 2: size_w=0.023, phi=0.874, final_w=0.020 (pos_rate=0.373)
        Client 3: size_w=0.025, phi=0.944, final_w=0.024 (pos_rate=0.435)
        Client 4: size_w=0.176, phi=0.869, final_w=0.153 (pos_rate=0.369)
        Client 5: size_w=0.203, phi=1.283, final_w=0.261 (pos_rate=0.805)
  Round  10 | val F1: 0.657 | val Recall: 1.000 | val ROC-AUC: 0.992
  Round  15 | val F1: 0.657 | val Recall: 1.000 | val ROC-AUC: 0.990
      [DA-FL] Round 20 weights (cap=2/6):
        Client 0: size_w=0.023, phi=0.874, final_w=0.020 (pos_rate=0.373)
        Client 1: size_w=0.176, phi=0.869, final_w=0.153 (pos_rate=0.369)
        Client 2: size_w=0.356, phi=0.765, final_w=0.273 (pos_rate=0.286)
        Client 3: size_w=0.203, phi=1.283, final_w=0.261 (pos_rate=0.805)
        Client 4: size_w=0.216, phi=1.146, final_w=0.247 (pos_rate=0.642)
        Client 5: size_w=0.025, phi=0.944, final_w=0.024 (pos_rate=0.435)
  Round  20 | val F1: 0.657 | val Recall: 1.000 | val ROC-AUC: 0.990

  [fedprox] Restored best VALIDATION checkpoint (val F1=0.657)
[cell] TEST F1=0.051 PR-AUC=0.305 R=0.999
[save] incremental results -> outputs/ablation_results.json (16 cells)

[cell] {'algorithm': 'fedprox', 'mu': 0.01, 'loss': 'weighted_bce', 'aggregation': 'plain', 'balancing': 'none'}
[Model] Creating SolarMLP (input_dim=144, seed=42)
[Model] CUDA not available — using CPU. Install CUDA PyTorch build for GPU acceleration.
[Model] Parameters: 29,377
============================================================
 FedProx (mu=0.01) [cpu] | MLP | agg=plain | pos_rate=0.489
 monitoring: VALIDATION (15,643 samples)
============================================================
  Round   5 | val F1: 0.657 | val Recall: 1.000 | val ROC-AUC: 0.994
  Round  10 | val F1: 0.783 | val Recall: 1.000 | val ROC-AUC: 0.993
  Round  15 | val F1: 0.960 | val Recall: 0.987 | val ROC-AUC: 0.991
  Round  20 | val F1: 0.059 | val Recall: 0.030 | val ROC-AUC: 0.987

  [fedprox] Restored best VALIDATION checkpoint (val F1=0.960)
[cell] TEST F1=0.048 PR-AUC=0.294 R=0.999
[save] incremental results -> outputs/ablation_results.json (17 cells)

[cell] {'algorithm': 'fedprox', 'mu': 0.01, 'loss': 'weighted_bce', 'aggregation': 'plain', 'balancing': 'smote'}
[Model] Creating SolarMLP (input_dim=144, seed=42)
[Model] CUDA not available — using CPU. Install CUDA PyTorch build for GPU acceleration.
[Model] Parameters: 29,377
============================================================
 FedProx (mu=0.01) [cpu] | MLP | agg=plain | pos_rate=0.489
 monitoring: VALIDATION (15,643 samples)
============================================================
  Round   5 | val F1: 0.657 | val Recall: 1.000 | val ROC-AUC: 0.994
  Round  10 | val F1: 0.783 | val Recall: 1.000 | val ROC-AUC: 0.993
  Round  15 | val F1: 0.960 | val Recall: 0.987 | val ROC-AUC: 0.991
======================================================================
  SF-9 ABLATION MATRIX (Stage 6 — component isolation)
======================================================================
[data] train=82,121 val=15,643 test=331,185 (phase cache)
[resume] 17 completed cells will be skipped
[Partition] Americas (NASA/NOAA)           | n= 16,688 | flare rate:  80.5%
[Partition] Europe (ESA/PROBA-2)           | n= 29,273 | flare rate:  28.6%
[Partition] Asia-Pacific (JAXA)            | n= 14,480 | flare rate:  36.9%
[Partition] South Asia (ISRO)              | n= 17,716 | flare rate:  64.2%
[Partition] East Asia (KASI)               | n=  1,879 | flare rate:  37.3%
[Partition] Oceania (BoM)                  | n=  2,085 | flare rate:  43.5%
[Partition] coverage: 82,121/82,121 (100.0%) — disjoint by construction

[cell] {'algorithm': 'fedprox', 'mu': 0.01, 'loss': 'weighted_bce', 'aggregation': 'plain', 'balancing': 'smote'}
[Model] Creating SolarMLP (input_dim=144, seed=42)
[Model] CUDA not available — using CPU. Install CUDA PyTorch build for GPU acceleration.
[Model] Parameters: 29,377
  [fedprox] resuming from round 19 (crash recovery)
============================================================
 FedProx (mu=0.01) [cpu] | MLP | agg=plain | pos_rate=0.489
 monitoring: VALIDATION (15,643 samples)
============================================================
  Round  20 | val F1: 0.059 | val Recall: 0.030 | val ROC-AUC: 0.987

  [fedprox] Restored best VALIDATION checkpoint (val F1=0.960)
[cell] TEST F1=0.048 PR-AUC=0.294 R=0.999
[save] incremental results -> outputs/ablation_results.json (18 cells)

[cell] {'algorithm': 'fedprox', 'mu': 0.01, 'loss': 'weighted_bce', 'aggregation': 'dafl', 'balancing': 'none'}
[Model] Creating SolarMLP (input_dim=144, seed=42)
[Model] CUDA not available — using CPU. Install CUDA PyTorch build for GPU acceleration.
[Model] Parameters: 29,377
============================================================
 FedProx (mu=0.01) [cpu] | MLP | agg=dafl | pos_rate=0.489
 monitoring: VALIDATION (15,643 samples)
============================================================
      [DA-FL] Round 1 weights (cap=2/6):
        Client 0: size_w=0.203, phi=1.283, final_w=0.261 (pos_rate=0.805)
        Client 1: size_w=0.356, phi=0.765, final_w=0.273 (pos_rate=0.286)
        Client 2: size_w=0.025, phi=0.944, final_w=0.024 (pos_rate=0.435)
        Client 3: size_w=0.176, phi=0.869, final_w=0.153 (pos_rate=0.369)
        Client 4: size_w=0.023, phi=0.874, final_w=0.020 (pos_rate=0.373)
        Client 5: size_w=0.216, phi=1.146, final_w=0.247 (pos_rate=0.642)
  Round   5 | val F1: 0.657 | val Recall: 1.000 | val ROC-AUC: 0.994
      [DA-FL] Round 10 weights (cap=2/6):
        Client 0: size_w=0.356, phi=0.765, final_w=0.273 (pos_rate=0.286)
        Client 1: size_w=0.216, phi=1.146, final_w=0.247 (pos_rate=0.642)
        Client 2: size_w=0.023, phi=0.874, final_w=0.020 (pos_rate=0.373)
        Client 3: size_w=0.025, phi=0.944, final_w=0.024 (pos_rate=0.435)
        Client 4: size_w=0.176, phi=0.869, final_w=0.153 (pos_rate=0.369)
        Client 5: size_w=0.203, phi=1.283, final_w=0.261 (pos_rate=0.805)
  Round  10 | val F1: 0.657 | val Recall: 1.000 | val ROC-AUC: 0.993
  Round  15 | val F1: 0.657 | val Recall: 1.000 | val ROC-AUC: 0.991
      [DA-FL] Round 20 weights (cap=2/6):
        Client 0: size_w=0.023, phi=0.874, final_w=0.020 (pos_rate=0.373)
        Client 1: size_w=0.176, phi=0.869, final_w=0.153 (pos_rate=0.369)
        Client 2: size_w=0.356, phi=0.765, final_w=0.273 (pos_rate=0.286)
        Client 3: size_w=0.203, phi=1.283, final_w=0.261 (pos_rate=0.805)
        Client 4: size_w=0.216, phi=1.146, final_w=0.247 (pos_rate=0.642)
        Client 5: size_w=0.025, phi=0.944, final_w=0.024 (pos_rate=0.435)
  Round  20 | val F1: 0.657 | val Recall: 1.000 | val ROC-AUC: 0.989

  [fedprox] Restored best VALIDATION checkpoint (val F1=0.657)
[cell] TEST F1=0.045 PR-AUC=0.291 R=0.999
[save] incremental results -> outputs/ablation_results.json (19 cells)

[cell] {'algorithm': 'fedprox', 'mu': 0.01, 'loss': 'weighted_bce', 'aggregation': 'dafl', 'balancing': 'smote'}
[Model] Creating SolarMLP (input_dim=144, seed=42)
[Model] CUDA not available — using CPU. Install CUDA PyTorch build for GPU acceleration.
[Model] Parameters: 29,377
============================================================
 FedProx (mu=0.01) [cpu] | MLP | agg=dafl | pos_rate=0.489
 monitoring: VALIDATION (15,643 samples)
============================================================
      [DA-FL] Round 1 weights (cap=2/6):
        Client 0: size_w=0.203, phi=1.283, final_w=0.261 (pos_rate=0.805)
        Client 1: size_w=0.356, phi=0.765, final_w=0.273 (pos_rate=0.286)
        Client 2: size_w=0.025, phi=0.944, final_w=0.024 (pos_rate=0.435)
        Client 3: size_w=0.176, phi=0.869, final_w=0.153 (pos_rate=0.369)
        Client 4: size_w=0.023, phi=0.874, final_w=0.020 (pos_rate=0.373)
        Client 5: size_w=0.216, phi=1.146, final_w=0.247 (pos_rate=0.642)
  Round   5 | val F1: 0.657 | val Recall: 1.000 | val ROC-AUC: 0.994
      [DA-FL] Round 10 weights (cap=2/6):
        Client 0: size_w=0.356, phi=0.765, final_w=0.273 (pos_rate=0.286)
        Client 1: size_w=0.216, phi=1.146, final_w=0.247 (pos_rate=0.642)
        Client 2: size_w=0.023, phi=0.874, final_w=0.020 (pos_rate=0.373)
        Client 3: size_w=0.025, phi=0.944, final_w=0.024 (pos_rate=0.435)
        Client 4: size_w=0.176, phi=0.869, final_w=0.153 (pos_rate=0.369)
        Client 5: size_w=0.203, phi=1.283, final_w=0.261 (pos_rate=0.805)
  Round  10 | val F1: 0.657 | val Recall: 1.000 | val ROC-AUC: 0.993
  Round  15 | val F1: 0.657 | val Recall: 1.000 | val ROC-AUC: 0.991
      [DA-FL] Round 20 weights (cap=2/6):
        Client 0: size_w=0.023, phi=0.874, final_w=0.020 (pos_rate=0.373)
        Client 1: size_w=0.176, phi=0.869, final_w=0.153 (pos_rate=0.369)
        Client 2: size_w=0.356, phi=0.765, final_w=0.273 (pos_rate=0.286)
        Client 3: size_w=0.203, phi=1.283, final_w=0.261 (pos_rate=0.805)
        Client 4: size_w=0.216, phi=1.146, final_w=0.247 (pos_rate=0.642)
        Client 5: size_w=0.025, phi=0.944, final_w=0.024 (pos_rate=0.435)
  Round  20 | val F1: 0.657 | val Recall: 1.000 | val ROC-AUC: 0.989

  [fedprox] Restored best VALIDATION checkpoint (val F1=0.657)
[cell] TEST F1=0.045 PR-AUC=0.291 R=0.999
[save] incremental results -> outputs/ablation_results.json (20 cells)

[cell] {'algorithm': 'fedprox', 'mu': 0.01, 'loss': 'bce', 'aggregation': 'plain', 'balancing': 'none'}
[Model] Creating SolarMLP (input_dim=144, seed=42)
[Model] CUDA not available — using CPU. Install CUDA PyTorch build for GPU acceleration.
[Model] Parameters: 29,377
============================================================
 FedProx (mu=0.01) [cpu] | MLP | agg=plain | pos_rate=0.489
 monitoring: VALIDATION (15,643 samples)
============================================================
  Round   5 | val F1: 0.657 | val Recall: 1.000 | val ROC-AUC: 0.994
  Round  10 | val F1: 0.657 | val Recall: 1.000 | val ROC-AUC: 0.993
======================================================================
  SF-9 ABLATION MATRIX (Stage 6 — component isolation)
======================================================================
[data] train=82,121 val=15,643 test=331,185 (phase cache)
[resume] 20 completed cells will be skipped
[Partition] Americas (NASA/NOAA)           | n= 16,688 | flare rate:  80.5%
[Partition] Europe (ESA/PROBA-2)           | n= 29,273 | flare rate:  28.6%
[Partition] Asia-Pacific (JAXA)            | n= 14,480 | flare rate:  36.9%
[Partition] South Asia (ISRO)              | n= 17,716 | flare rate:  64.2%
[Partition] East Asia (KASI)               | n=  1,879 | flare rate:  37.3%
[Partition] Oceania (BoM)                  | n=  2,085 | flare rate:  43.5%
[Partition] coverage: 82,121/82,121 (100.0%) — disjoint by construction

[cell] {'algorithm': 'fedprox', 'mu': 0.01, 'loss': 'bce', 'aggregation': 'plain', 'balancing': 'none'}
[Model] Creating SolarMLP (input_dim=144, seed=42)
[Model] CUDA not available — using CPU. Install CUDA PyTorch build for GPU acceleration.
[Model] Parameters: 29,377
  [fedprox] resuming from round 15 (crash recovery)
============================================================
 FedProx (mu=0.01) [cpu] | MLP | agg=plain | pos_rate=0.489
 monitoring: VALIDATION (15,643 samples)
============================================================
  Round  15 | val F1: 0.657 | val Recall: 1.000 | val ROC-AUC: 0.991
  Round  20 | val F1: 0.687 | val Recall: 1.000 | val ROC-AUC: 0.986

  [fedprox] Restored best VALIDATION checkpoint (val F1=0.687)
[cell] TEST F1=0.048 PR-AUC=0.268 R=0.999
[save] incremental results -> outputs/ablation_results.json (21 cells)

[cell] {'algorithm': 'fedprox', 'mu': 0.01, 'loss': 'bce', 'aggregation': 'plain', 'balancing': 'smote'}
[Model] Creating SolarMLP (input_dim=144, seed=42)
[Model] CUDA not available — using CPU. Install CUDA PyTorch build for GPU acceleration.
[Model] Parameters: 29,377
============================================================
 FedProx (mu=0.01) [cpu] | MLP | agg=plain | pos_rate=0.489
 monitoring: VALIDATION (15,643 samples)
============================================================
  Round   5 | val F1: 0.657 | val Recall: 1.000 | val ROC-AUC: 0.994
  Round  10 | val F1: 0.657 | val Recall: 1.000 | val ROC-AUC: 0.993
  Round  15 | val F1: 0.657 | val Recall: 1.000 | val ROC-AUC: 0.991
  Round  20 | val F1: 0.687 | val Recall: 1.000 | val ROC-AUC: 0.986

  [fedprox] Restored best VALIDATION checkpoint (val F1=0.687)
[cell] TEST F1=0.048 PR-AUC=0.268 R=0.999
[save] incremental results -> outputs/ablation_results.json (22 cells)

[cell] {'algorithm': 'fedprox', 'mu': 0.01, 'loss': 'bce', 'aggregation': 'dafl', 'balancing': 'none'}
[Model] Creating SolarMLP (input_dim=144, seed=42)
[Model] CUDA not available — using CPU. Install CUDA PyTorch build for GPU acceleration.
[Model] Parameters: 29,377
============================================================
 FedProx (mu=0.01) [cpu] | MLP | agg=dafl | pos_rate=0.489
 monitoring: VALIDATION (15,643 samples)
============================================================
      [DA-FL] Round 1 weights (cap=2/6):
        Client 0: size_w=0.203, phi=1.283, final_w=0.261 (pos_rate=0.805)
        Client 1: size_w=0.356, phi=0.765, final_w=0.273 (pos_rate=0.286)
        Client 2: size_w=0.025, phi=0.944, final_w=0.024 (pos_rate=0.435)
        Client 3: size_w=0.176, phi=0.869, final_w=0.153 (pos_rate=0.369)
        Client 4: size_w=0.023, phi=0.874, final_w=0.020 (pos_rate=0.373)
        Client 5: size_w=0.216, phi=1.146, final_w=0.247 (pos_rate=0.642)
  Round   5 | val F1: 0.657 | val Recall: 1.000 | val ROC-AUC: 0.994
      [DA-FL] Round 10 weights (cap=2/6):
        Client 0: size_w=0.356, phi=0.765, final_w=0.273 (pos_rate=0.286)
        Client 1: size_w=0.216, phi=1.146, final_w=0.247 (pos_rate=0.642)
        Client 2: size_w=0.023, phi=0.874, final_w=0.020 (pos_rate=0.373)
        Client 3: size_w=0.025, phi=0.944, final_w=0.024 (pos_rate=0.435)
        Client 4: size_w=0.176, phi=0.869, final_w=0.153 (pos_rate=0.369)
        Client 5: size_w=0.203, phi=1.283, final_w=0.261 (pos_rate=0.805)
  Round  10 | val F1: 0.657 | val Recall: 1.000 | val ROC-AUC: 0.993
  Round  15 | val F1: 0.657 | val Recall: 1.000 | val ROC-AUC: 0.991
      [DA-FL] Round 20 weights (cap=2/6):
        Client 0: size_w=0.023, phi=0.874, final_w=0.020 (pos_rate=0.373)
        Client 1: size_w=0.176, phi=0.869, final_w=0.153 (pos_rate=0.369)
        Client 2: size_w=0.356, phi=0.765, final_w=0.273 (pos_rate=0.286)
        Client 3: size_w=0.203, phi=1.283, final_w=0.261 (pos_rate=0.805)
        Client 4: size_w=0.216, phi=1.146, final_w=0.247 (pos_rate=0.642)
        Client 5: size_w=0.025, phi=0.944, final_w=0.024 (pos_rate=0.435)
  Round  20 | val F1: 0.657 | val Recall: 1.000 | val ROC-AUC: 0.987

  [fedprox] Restored best VALIDATION checkpoint (val F1=0.657)
[cell] TEST F1=0.047 PR-AUC=0.293 R=0.999
[save] incremental results -> outputs/ablation_results.json (23 cells)

[cell] {'algorithm': 'fedprox', 'mu': 0.01, 'loss': 'bce', 'aggregation': 'dafl', 'balancing': 'smote'}
[Model] Creating SolarMLP (input_dim=144, seed=42)
[Model] CUDA not available — using CPU. Install CUDA PyTorch build for GPU acceleration.
[Model] Parameters: 29,377
============================================================
 FedProx (mu=0.01) [cpu] | MLP | agg=dafl | pos_rate=0.489
 monitoring: VALIDATION (15,643 samples)
============================================================
      [DA-FL] Round 1 weights (cap=2/6):
        Client 0: size_w=0.203, phi=1.283, final_w=0.261 (pos_rate=0.805)
        Client 1: size_w=0.356, phi=0.765, final_w=0.273 (pos_rate=0.286)
        Client 2: size_w=0.025, phi=0.944, final_w=0.024 (pos_rate=0.435)
        Client 3: size_w=0.176, phi=0.869, final_w=0.153 (pos_rate=0.369)
        Client 4: size_w=0.023, phi=0.874, final_w=0.020 (pos_rate=0.373)
        Client 5: size_w=0.216, phi=1.146, final_w=0.247 (pos_rate=0.642)
  Round   5 | val F1: 0.657 | val Recall: 1.000 | val ROC-AUC: 0.994
      [DA-FL] Round 10 weights (cap=2/6):
        Client 0: size_w=0.356, phi=0.765, final_w=0.273 (pos_rate=0.286)
        Client 1: size_w=0.216, phi=1.146, final_w=0.247 (pos_rate=0.642)
        Client 2: size_w=0.023, phi=0.874, final_w=0.020 (pos_rate=0.373)
        Client 3: size_w=0.025, phi=0.944, final_w=0.024 (pos_rate=0.435)
        Client 4: size_w=0.176, phi=0.869, final_w=0.153 (pos_rate=0.369)
        Client 5: size_w=0.203, phi=1.283, final_w=0.261 (pos_rate=0.805)
  Round  10 | val F1: 0.657 | val Recall: 1.000 | val ROC-AUC: 0.993
======================================================================
  SF-9 ABLATION MATRIX (Stage 6 — component isolation)
======================================================================
[data] train=82,121 val=15,643 test=331,185 (phase cache)
[resume] 23 completed cells will be skipped
[Partition] Americas (NASA/NOAA)           | n= 16,688 | flare rate:  80.5%
[Partition] Europe (ESA/PROBA-2)           | n= 29,273 | flare rate:  28.6%
[Partition] Asia-Pacific (JAXA)            | n= 14,480 | flare rate:  36.9%
[Partition] South Asia (ISRO)              | n= 17,716 | flare rate:  64.2%
[Partition] East Asia (KASI)               | n=  1,879 | flare rate:  37.3%
[Partition] Oceania (BoM)                  | n=  2,085 | flare rate:  43.5%
[Partition] coverage: 82,121/82,121 (100.0%) — disjoint by construction

[cell] {'algorithm': 'fedprox', 'mu': 0.01, 'loss': 'bce', 'aggregation': 'dafl', 'balancing': 'smote'}
[Model] Creating SolarMLP (input_dim=144, seed=42)
[Model] CUDA not available — using CPU. Install CUDA PyTorch build for GPU acceleration.
[Model] Parameters: 29,377
  [fedprox] resuming from round 13 (crash recovery)
============================================================
 FedProx (mu=0.01) [cpu] | MLP | agg=dafl | pos_rate=0.489
 monitoring: VALIDATION (15,643 samples)
============================================================
  Round  15 | val F1: 0.657 | val Recall: 1.000 | val ROC-AUC: 0.991
      [DA-FL] Round 20 weights (cap=2/6):
        Client 0: size_w=0.023, phi=0.874, final_w=0.020 (pos_rate=0.373)
        Client 1: size_w=0.176, phi=0.869, final_w=0.153 (pos_rate=0.369)
        Client 2: size_w=0.356, phi=0.765, final_w=0.273 (pos_rate=0.286)
        Client 3: size_w=0.203, phi=1.283, final_w=0.261 (pos_rate=0.805)
        Client 4: size_w=0.216, phi=1.146, final_w=0.247 (pos_rate=0.642)
        Client 5: size_w=0.025, phi=0.944, final_w=0.024 (pos_rate=0.435)
  Round  20 | val F1: 0.657 | val Recall: 1.000 | val ROC-AUC: 0.987

  [fedprox] Restored best VALIDATION checkpoint (val F1=0.657)
[cell] TEST F1=0.047 PR-AUC=0.293 R=0.999
[save] incremental results -> outputs/ablation_results.json (24 cells)

[Done] ablation results -> outputs/ablation_results.json
