[3D] resumed from cache (X_train_3d/X_val_3d/y3d)
[3D] 2D cache absent — cross-check skipped
[LSTM] device=cuda | seed=42 | tag=smote | train 214,888 (pos 2.05%) | val 40,932 | test 75,365 (pos 1.31%)
C:\Users\deves\AppData\Roaming\Python\Python313\site-packages\joblib\externals\loky\backend\context.py:131: UserWarning: Could not find the number of physical cores for the following reason:
[WinError 2] The system cannot find the file specified
Returning the number of logical cores instead. You can silence this warning by setting LOKY_MAX_CPU_COUNT to the number of cores you want to use.
  warnings.warn(
  File "C:\Users\deves\AppData\Roaming\Python\Python313\site-packages\joblib\externals\loky\backend\context.py", line 247, in _count_physical_cores
    cpu_count_physical = _count_physical_cores_win32()
  File "C:\Users\deves\AppData\Roaming\Python\Python313\site-packages\joblib\externals\loky\backend\context.py", line 299, in _count_physical_cores_win32
    cpu_info = subprocess.run(
        "wmic CPU Get NumberOfCores /Format:csv".split(),
        capture_output=True,
        text=True,
    )
  File "C:\ProgramData\miniforge3\Lib\subprocess.py", line 554, in run
    with Popen(*popenargs, **kwargs) as process:
         ~~~~~^^^^^^^^^^^^^^^^^^^^^^
  File "C:\ProgramData\miniforge3\Lib\subprocess.py", line 1039, in __init__
    self._execute_child(args, executable, preexec_fn, close_fds,
    ~~~~~~~~~~~~~~~~~~~^^^^^^^^^^^^^^^^^^^^^^^^^^^^^^^^^^^^^^^^^
                        pass_fds, cwd, env,
                        ^^^^^^^^^^^^^^^^^^^
    ...<5 lines>...
                        gid, gids, uid, umask,
                        ^^^^^^^^^^^^^^^^^^^^^^
                        start_new_session, process_group)
                        ^^^^^^^^^^^^^^^^^^^^^^^^^^^^^^^^^
  File "C:\ProgramData\miniforge3\Lib\subprocess.py", line 1554, in _execute_child
    hp, ht, pid, tid = _winapi.CreateProcess(executable, args,
                       ~~~~~~~~~~~~~~~~~~~~~^^^^^^^^^^^^^^^^^^
                             # no special security
                             ^^^^^^^^^^^^^^^^^^^^^
    ...<4 lines>...
                             cwd,
                             ^^^^
                             startupinfo)
                             ^^^^^^^^^^^^
[Partition] Client A (Americas)            | n= 17,786 | flare rate:   8.2%
[Partition] Client B (Europe)              | n=105,135 | flare rate:   0.4%
[Partition] Client C (Asia-Pacific)        | n= 46,680 | flare rate:   1.8%
[Partition] Client D (South Asia)          | n= 31,801 | flare rate:   0.1%
[Partition] Client E (East Asia)           | n=  6,727 | flare rate:  12.2%
[Partition] Client F (Oceania)             | n=  6,759 | flare rate:  12.7%
[Partition] coverage: 214,888/214,888 (100.0%) — disjoint by construction
[Model] Creating SolarLSTM (hidden=128, layers=2, bidir=False, seed=42)
[Model] GPU: NVIDIA GeForce RTX 4060 Laptop GPU | allocated: 0.8 MB
[Model] Parameters: 219,265
============================================================
 FEDAVG [cuda] | LSTM | agg=plain | pos_rate=0.020
 monitoring: VALIDATION (40,932 samples)
============================================================
[SMOTE] shard rebalanced: n 17,786 -> 20,412 (pos 1,456 -> 4,082, ratio target 0.25, k=5)
[SMOTE] shard rebalanced: n 105,135 -> 130,942 (pos 381 -> 26,188, ratio target 0.25, k=5)
[SMOTE] shard rebalanced: n 6,759 -> 7,378 (pos 856 -> 1,475, ratio target 0.25, k=5)
[SMOTE] shard rebalanced: n 46,680 -> 57,278 (pos 857 -> 11,455, ratio target 0.25, k=5)
[SMOTE] shard rebalanced: n 6,727 -> 7,378 (pos 824 -> 1,475, ratio target 0.25, k=5)
[SMOTE] shard rebalanced: n 31,801 -> 39,712 (pos 31 -> 7,942, ratio target 0.25, k=5)
[SMOTE] shard rebalanced: n 31,801 -> 39,712 (pos 31 -> 7,942, ratio target 0.25, k=5)
[SMOTE] shard rebalanced: n 17,786 -> 20,412 (pos 1,456 -> 4,082, ratio target 0.25, k=5)
[SMOTE] shard rebalanced: n 105,135 -> 130,942 (pos 381 -> 26,188, ratio target 0.25, k=5)
[SMOTE] shard rebalanced: n 46,680 -> 57,278 (pos 857 -> 11,455, ratio target 0.25, k=5)
[SMOTE] shard rebalanced: n 6,759 -> 7,378 (pos 856 -> 1,475, ratio target 0.25, k=5)
[SMOTE] shard rebalanced: n 6,727 -> 7,378 (pos 824 -> 1,475, ratio target 0.25, k=5)
[SMOTE] shard rebalanced: n 6,727 -> 7,378 (pos 824 -> 1,475, ratio target 0.25, k=5)
[SMOTE] shard rebalanced: n 105,135 -> 130,942 (pos 381 -> 26,188, ratio target 0.25, k=5)
[SMOTE] shard rebalanced: n 17,786 -> 20,412 (pos 1,456 -> 4,082, ratio target 0.25, k=5)
[SMOTE] shard rebalanced: n 31,801 -> 39,712 (pos 31 -> 7,942, ratio target 0.25, k=5)
[SMOTE] shard rebalanced: n 6,759 -> 7,378 (pos 856 -> 1,475, ratio target 0.25, k=5)
[SMOTE] shard rebalanced: n 46,680 -> 57,278 (pos 857 -> 11,455, ratio target 0.25, k=5)
[SMOTE] shard rebalanced: n 17,786 -> 20,412 (pos 1,456 -> 4,082, ratio target 0.25, k=5)
[SMOTE] shard rebalanced: n 6,759 -> 7,378 (pos 856 -> 1,475, ratio target 0.25, k=5)
[SMOTE] shard rebalanced: n 31,801 -> 39,712 (pos 31 -> 7,942, ratio target 0.25, k=5)
[SMOTE] shard rebalanced: n 105,135 -> 130,942 (pos 381 -> 26,188, ratio target 0.25, k=5)
[SMOTE] shard rebalanced: n 6,727 -> 7,378 (pos 824 -> 1,475, ratio target 0.25, k=5)
[SMOTE] shard rebalanced: n 46,680 -> 57,278 (pos 857 -> 11,455, ratio target 0.25, k=5)
[SMOTE] shard rebalanced: n 46,680 -> 57,278 (pos 857 -> 11,455, ratio target 0.25, k=5)
[SMOTE] shard rebalanced: n 6,759 -> 7,378 (pos 856 -> 1,475, ratio target 0.25, k=5)
[SMOTE] shard rebalanced: n 6,727 -> 7,378 (pos 824 -> 1,475, ratio target 0.25, k=5)
[SMOTE] shard rebalanced: n 17,786 -> 20,412 (pos 1,456 -> 4,082, ratio target 0.25, k=5)
[SMOTE] shard rebalanced: n 31,801 -> 39,712 (pos 31 -> 7,942, ratio target 0.25, k=5)
[SMOTE] shard rebalanced: n 105,135 -> 130,942 (pos 381 -> 26,188, ratio target 0.25, k=5)
  Round   5 | val F1: 0.676 | val Recall: 0.603 | val ROC-AUC: 0.984
[SMOTE] shard rebalanced: n 6,759 -> 7,378 (pos 856 -> 1,475, ratio target 0.25, k=5)
[SMOTE] shard rebalanced: n 46,680 -> 57,278 (pos 857 -> 11,455, ratio target 0.25, k=5)
[SMOTE] shard rebalanced: n 17,786 -> 20,412 (pos 1,456 -> 4,082, ratio target 0.25, k=5)
[SMOTE] shard rebalanced: n 31,801 -> 39,712 (pos 31 -> 7,942, ratio target 0.25, k=5)
[SMOTE] shard rebalanced: n 6,727 -> 7,378 (pos 824 -> 1,475, ratio target 0.25, k=5)
[SMOTE] shard rebalanced: n 105,135 -> 130,942 (pos 381 -> 26,188, ratio target 0.25, k=5)
[SMOTE] shard rebalanced: n 17,786 -> 20,412 (pos 1,456 -> 4,082, ratio target 0.25, k=5)
[SMOTE] shard rebalanced: n 31,801 -> 39,712 (pos 31 -> 7,942, ratio target 0.25, k=5)
[SMOTE] shard rebalanced: n 105,135 -> 130,942 (pos 381 -> 26,188, ratio target 0.25, k=5)
[SMOTE] shard rebalanced: n 6,727 -> 7,378 (pos 824 -> 1,475, ratio target 0.25, k=5)
[SMOTE] shard rebalanced: n 6,759 -> 7,378 (pos 856 -> 1,475, ratio target 0.25, k=5)
[SMOTE] shard rebalanced: n 46,680 -> 57,278 (pos 857 -> 11,455, ratio target 0.25, k=5)
[SMOTE] shard rebalanced: n 17,786 -> 20,412 (pos 1,456 -> 4,082, ratio target 0.25, k=5)
[SMOTE] shard rebalanced: n 105,135 -> 130,942 (pos 381 -> 26,188, ratio target 0.25, k=5)
[SMOTE] shard rebalanced: n 46,680 -> 57,278 (pos 857 -> 11,455, ratio target 0.25, k=5)
[SMOTE] shard rebalanced: n 6,727 -> 7,378 (pos 824 -> 1,475, ratio target 0.25, k=5)
[SMOTE] shard rebalanced: n 6,759 -> 7,378 (pos 856 -> 1,475, ratio target 0.25, k=5)
[SMOTE] shard rebalanced: n 31,801 -> 39,712 (pos 31 -> 7,942, ratio target 0.25, k=5)
[SMOTE] shard rebalanced: n 17,786 -> 20,412 (pos 1,456 -> 4,082, ratio target 0.25, k=5)
[SMOTE] shard rebalanced: n 105,135 -> 130,942 (pos 381 -> 26,188, ratio target 0.25, k=5)
[SMOTE] shard rebalanced: n 6,727 -> 7,378 (pos 824 -> 1,475, ratio target 0.25, k=5)
[SMOTE] shard rebalanced: n 31,801 -> 39,712 (pos 31 -> 7,942, ratio target 0.25, k=5)
[SMOTE] shard rebalanced: n 46,680 -> 57,278 (pos 857 -> 11,455, ratio target 0.25, k=5)
[SMOTE] shard rebalanced: n 6,759 -> 7,378 (pos 856 -> 1,475, ratio target 0.25, k=5)
[SMOTE] shard rebalanced: n 105,135 -> 130,942 (pos 381 -> 26,188, ratio target 0.25, k=5)
[SMOTE] shard rebalanced: n 31,801 -> 39,712 (pos 31 -> 7,942, ratio target 0.25, k=5)
[SMOTE] shard rebalanced: n 6,727 -> 7,378 (pos 824 -> 1,475, ratio target 0.25, k=5)
[SMOTE] shard rebalanced: n 6,759 -> 7,378 (pos 856 -> 1,475, ratio target 0.25, k=5)
[SMOTE] shard rebalanced: n 46,680 -> 57,278 (pos 857 -> 11,455, ratio target 0.25, k=5)
[SMOTE] shard rebalanced: n 17,786 -> 20,412 (pos 1,456 -> 4,082, ratio target 0.25, k=5)
  Round  10 | val F1: 0.720 | val Recall: 0.620 | val ROC-AUC: 0.987
[SMOTE] shard rebalanced: n 6,759 -> 7,378 (pos 856 -> 1,475, ratio target 0.25, k=5)
[SMOTE] shard rebalanced: n 31,801 -> 39,712 (pos 31 -> 7,942, ratio target 0.25, k=5)
[SMOTE] shard rebalanced: n 105,135 -> 130,942 (pos 381 -> 26,188, ratio target 0.25, k=5)
[SMOTE] shard rebalanced: n 46,680 -> 57,278 (pos 857 -> 11,455, ratio target 0.25, k=5)
[SMOTE] shard rebalanced: n 17,786 -> 20,412 (pos 1,456 -> 4,082, ratio target 0.25, k=5)
[SMOTE] shard rebalanced: n 6,727 -> 7,378 (pos 824 -> 1,475, ratio target 0.25, k=5)
[SMOTE] shard rebalanced: n 6,759 -> 7,378 (pos 856 -> 1,475, ratio target 0.25, k=5)
[SMOTE] shard rebalanced: n 46,680 -> 57,278 (pos 857 -> 11,455, ratio target 0.25, k=5)
[SMOTE] shard rebalanced: n 6,727 -> 7,378 (pos 824 -> 1,475, ratio target 0.25, k=5)
[SMOTE] shard rebalanced: n 105,135 -> 130,942 (pos 381 -> 26,188, ratio target 0.25, k=5)
[SMOTE] shard rebalanced: n 31,801 -> 39,712 (pos 31 -> 7,942, ratio target 0.25, k=5)
[SMOTE] shard rebalanced: n 17,786 -> 20,412 (pos 1,456 -> 4,082, ratio target 0.25, k=5)
[SMOTE] shard rebalanced: n 31,801 -> 39,712 (pos 31 -> 7,942, ratio target 0.25, k=5)
[SMOTE] shard rebalanced: n 46,680 -> 57,278 (pos 857 -> 11,455, ratio target 0.25, k=5)
[SMOTE] shard rebalanced: n 6,727 -> 7,378 (pos 824 -> 1,475, ratio target 0.25, k=5)
[SMOTE] shard rebalanced: n 6,759 -> 7,378 (pos 856 -> 1,475, ratio target 0.25, k=5)
[SMOTE] shard rebalanced: n 105,135 -> 130,942 (pos 381 -> 26,188, ratio target 0.25, k=5)
[SMOTE] shard rebalanced: n 17,786 -> 20,412 (pos 1,456 -> 4,082, ratio target 0.25, k=5)
[SMOTE] shard rebalanced: n 6,727 -> 7,378 (pos 824 -> 1,475, ratio target 0.25, k=5)
[SMOTE] shard rebalanced: n 105,135 -> 130,942 (pos 381 -> 26,188, ratio target 0.25, k=5)
[SMOTE] shard rebalanced: n 17,786 -> 20,412 (pos 1,456 -> 4,082, ratio target 0.25, k=5)
[SMOTE] shard rebalanced: n 46,680 -> 57,278 (pos 857 -> 11,455, ratio target 0.25, k=5)
[SMOTE] shard rebalanced: n 6,759 -> 7,378 (pos 856 -> 1,475, ratio target 0.25, k=5)
[SMOTE] shard rebalanced: n 31,801 -> 39,712 (pos 31 -> 7,942, ratio target 0.25, k=5)
[SMOTE] shard rebalanced: n 6,727 -> 7,378 (pos 824 -> 1,475, ratio target 0.25, k=5)
[SMOTE] shard rebalanced: n 6,759 -> 7,378 (pos 856 -> 1,475, ratio target 0.25, k=5)
[SMOTE] shard rebalanced: n 105,135 -> 130,942 (pos 381 -> 26,188, ratio target 0.25, k=5)
[SMOTE] shard rebalanced: n 31,801 -> 39,712 (pos 31 -> 7,942, ratio target 0.25, k=5)
[SMOTE] shard rebalanced: n 17,786 -> 20,412 (pos 1,456 -> 4,082, ratio target 0.25, k=5)
[SMOTE] shard rebalanced: n 46,680 -> 57,278 (pos 857 -> 11,455, ratio target 0.25, k=5)
  Round  15 | val F1: 0.746 | val Recall: 0.638 | val ROC-AUC: 0.990
[SMOTE] shard rebalanced: n 17,786 -> 20,412 (pos 1,456 -> 4,082, ratio target 0.25, k=5)
[SMOTE] shard rebalanced: n 46,680 -> 57,278 (pos 857 -> 11,455, ratio target 0.25, k=5)
[SMOTE] shard rebalanced: n 6,759 -> 7,378 (pos 856 -> 1,475, ratio target 0.25, k=5)
[SMOTE] shard rebalanced: n 6,727 -> 7,378 (pos 824 -> 1,475, ratio target 0.25, k=5)
[SMOTE] shard rebalanced: n 105,135 -> 130,942 (pos 381 -> 26,188, ratio target 0.25, k=5)
[SMOTE] shard rebalanced: n 31,801 -> 39,712 (pos 31 -> 7,942, ratio target 0.25, k=5)
[SMOTE] shard rebalanced: n 6,727 -> 7,378 (pos 824 -> 1,475, ratio target 0.25, k=5)
[SMOTE] shard rebalanced: n 46,680 -> 57,278 (pos 857 -> 11,455, ratio target 0.25, k=5)
[SMOTE] shard rebalanced: n 17,786 -> 20,412 (pos 1,456 -> 4,082, ratio target 0.25, k=5)
[SMOTE] shard rebalanced: n 6,759 -> 7,378 (pos 856 -> 1,475, ratio target 0.25, k=5)
[SMOTE] shard rebalanced: n 31,801 -> 39,712 (pos 31 -> 7,942, ratio target 0.25, k=5)
[SMOTE] shard rebalanced: n 105,135 -> 130,942 (pos 381 -> 26,188, ratio target 0.25, k=5)
[SMOTE] shard rebalanced: n 17,786 -> 20,412 (pos 1,456 -> 4,082, ratio target 0.25, k=5)
[SMOTE] shard rebalanced: n 46,680 -> 57,278 (pos 857 -> 11,455, ratio target 0.25, k=5)
[SMOTE] shard rebalanced: n 6,727 -> 7,378 (pos 824 -> 1,475, ratio target 0.25, k=5)
[SMOTE] shard rebalanced: n 31,801 -> 39,712 (pos 31 -> 7,942, ratio target 0.25, k=5)
[SMOTE] shard rebalanced: n 6,759 -> 7,378 (pos 856 -> 1,475, ratio target 0.25, k=5)
[SMOTE] shard rebalanced: n 105,135 -> 130,942 (pos 381 -> 26,188, ratio target 0.25, k=5)
[SMOTE] shard rebalanced: n 17,786 -> 20,412 (pos 1,456 -> 4,082, ratio target 0.25, k=5)
[SMOTE] shard rebalanced: n 6,727 -> 7,378 (pos 824 -> 1,475, ratio target 0.25, k=5)
[SMOTE] shard rebalanced: n 46,680 -> 57,278 (pos 857 -> 11,455, ratio target 0.25, k=5)
[SMOTE] shard rebalanced: n 105,135 -> 130,942 (pos 381 -> 26,188, ratio target 0.25, k=5)
[SMOTE] shard rebalanced: n 31,801 -> 39,712 (pos 31 -> 7,942, ratio target 0.25, k=5)
[SMOTE] shard rebalanced: n 6,759 -> 7,378 (pos 856 -> 1,475, ratio target 0.25, k=5)
[SMOTE] shard rebalanced: n 6,727 -> 7,378 (pos 824 -> 1,475, ratio target 0.25, k=5)
[SMOTE] shard rebalanced: n 46,680 -> 57,278 (pos 857 -> 11,455, ratio target 0.25, k=5)
[SMOTE] shard rebalanced: n 105,135 -> 130,942 (pos 381 -> 26,188, ratio target 0.25, k=5)
[SMOTE] shard rebalanced: n 17,786 -> 20,412 (pos 1,456 -> 4,082, ratio target 0.25, k=5)
[SMOTE] shard rebalanced: n 31,801 -> 39,712 (pos 31 -> 7,942, ratio target 0.25, k=5)
[SMOTE] shard rebalanced: n 6,759 -> 7,378 (pos 856 -> 1,475, ratio target 0.25, k=5)
  Round  20 | val F1: 0.764 | val Recall: 0.653 | val ROC-AUC: 0.990
[SMOTE] shard rebalanced: n 31,801 -> 39,712 (pos 31 -> 7,942, ratio target 0.25, k=5)
[SMOTE] shard rebalanced: n 17,786 -> 20,412 (pos 1,456 -> 4,082, ratio target 0.25, k=5)
[SMOTE] shard rebalanced: n 46,680 -> 57,278 (pos 857 -> 11,455, ratio target 0.25, k=5)
[SMOTE] shard rebalanced: n 105,135 -> 130,942 (pos 381 -> 26,188, ratio target 0.25, k=5)
[SMOTE] shard rebalanced: n 6,759 -> 7,378 (pos 856 -> 1,475, ratio target 0.25, k=5)
[SMOTE] shard rebalanced: n 6,727 -> 7,378 (pos 824 -> 1,475, ratio target 0.25, k=5)
[SMOTE] shard rebalanced: n 6,759 -> 7,378 (pos 856 -> 1,475, ratio target 0.25, k=5)
[SMOTE] shard rebalanced: n 46,680 -> 57,278 (pos 857 -> 11,455, ratio target 0.25, k=5)
[SMOTE] shard rebalanced: n 6,727 -> 7,378 (pos 824 -> 1,475, ratio target 0.25, k=5)
[SMOTE] shard rebalanced: n 31,801 -> 39,712 (pos 31 -> 7,942, ratio target 0.25, k=5)
[SMOTE] shard rebalanced: n 17,786 -> 20,412 (pos 1,456 -> 4,082, ratio target 0.25, k=5)
[SMOTE] shard rebalanced: n 105,135 -> 130,942 (pos 381 -> 26,188, ratio target 0.25, k=5)
[SMOTE] shard rebalanced: n 105,135 -> 130,942 (pos 381 -> 26,188, ratio target 0.25, k=5)
[SMOTE] shard rebalanced: n 46,680 -> 57,278 (pos 857 -> 11,455, ratio target 0.25, k=5)
[SMOTE] shard rebalanced: n 31,801 -> 39,712 (pos 31 -> 7,942, ratio target 0.25, k=5)
[SMOTE] shard rebalanced: n 17,786 -> 20,412 (pos 1,456 -> 4,082, ratio target 0.25, k=5)
[SMOTE] shard rebalanced: n 6,759 -> 7,378 (pos 856 -> 1,475, ratio target 0.25, k=5)
[SMOTE] shard rebalanced: n 6,727 -> 7,378 (pos 824 -> 1,475, ratio target 0.25, k=5)
[SMOTE] shard rebalanced: n 105,135 -> 130,942 (pos 381 -> 26,188, ratio target 0.25, k=5)
[SMOTE] shard rebalanced: n 6,727 -> 7,378 (pos 824 -> 1,475, ratio target 0.25, k=5)
[SMOTE] shard rebalanced: n 46,680 -> 57,278 (pos 857 -> 11,455, ratio target 0.25, k=5)
[SMOTE] shard rebalanced: n 31,801 -> 39,712 (pos 31 -> 7,942, ratio target 0.25, k=5)
[SMOTE] shard rebalanced: n 6,759 -> 7,378 (pos 856 -> 1,475, ratio target 0.25, k=5)
[SMOTE] shard rebalanced: n 17,786 -> 20,412 (pos 1,456 -> 4,082, ratio target 0.25, k=5)
[SMOTE] shard rebalanced: n 105,135 -> 130,942 (pos 381 -> 26,188, ratio target 0.25, k=5)
[SMOTE] shard rebalanced: n 6,727 -> 7,378 (pos 824 -> 1,475, ratio target 0.25, k=5)
[SMOTE] shard rebalanced: n 6,759 -> 7,378 (pos 856 -> 1,475, ratio target 0.25, k=5)
[SMOTE] shard rebalanced: n 31,801 -> 39,712 (pos 31 -> 7,942, ratio target 0.25, k=5)
[SMOTE] shard rebalanced: n 17,786 -> 20,412 (pos 1,456 -> 4,082, ratio target 0.25, k=5)
[SMOTE] shard rebalanced: n 46,680 -> 57,278 (pos 857 -> 11,455, ratio target 0.25, k=5)
  Round  25 | val F1: 0.783 | val Recall: 0.670 | val ROC-AUC: 0.991
[SMOTE] shard rebalanced: n 6,727 -> 7,378 (pos 824 -> 1,475, ratio target 0.25, k=5)
[SMOTE] shard rebalanced: n 31,801 -> 39,712 (pos 31 -> 7,942, ratio target 0.25, k=5)
[SMOTE] shard rebalanced: n 105,135 -> 130,942 (pos 381 -> 26,188, ratio target 0.25, k=5)
[SMOTE] shard rebalanced: n 6,759 -> 7,378 (pos 856 -> 1,475, ratio target 0.25, k=5)
[SMOTE] shard rebalanced: n 46,680 -> 57,278 (pos 857 -> 11,455, ratio target 0.25, k=5)
[SMOTE] shard rebalanced: n 17,786 -> 20,412 (pos 1,456 -> 4,082, ratio target 0.25, k=5)
[SMOTE] shard rebalanced: n 6,759 -> 7,378 (pos 856 -> 1,475, ratio target 0.25, k=5)
[SMOTE] shard rebalanced: n 6,727 -> 7,378 (pos 824 -> 1,475, ratio target 0.25, k=5)
[SMOTE] shard rebalanced: n 46,680 -> 57,278 (pos 857 -> 11,455, ratio target 0.25, k=5)
[SMOTE] shard rebalanced: n 31,801 -> 39,712 (pos 31 -> 7,942, ratio target 0.25, k=5)
[SMOTE] shard rebalanced: n 17,786 -> 20,412 (pos 1,456 -> 4,082, ratio target 0.25, k=5)
[SMOTE] shard rebalanced: n 105,135 -> 130,942 (pos 381 -> 26,188, ratio target 0.25, k=5)
[SMOTE] shard rebalanced: n 6,727 -> 7,378 (pos 824 -> 1,475, ratio target 0.25, k=5)
[SMOTE] shard rebalanced: n 6,759 -> 7,378 (pos 856 -> 1,475, ratio target 0.25, k=5)
[SMOTE] shard rebalanced: n 46,680 -> 57,278 (pos 857 -> 11,455, ratio target 0.25, k=5)
[SMOTE] shard rebalanced: n 17,786 -> 20,412 (pos 1,456 -> 4,082, ratio target 0.25, k=5)
[SMOTE] shard rebalanced: n 105,135 -> 130,942 (pos 381 -> 26,188, ratio target 0.25, k=5)
[SMOTE] shard rebalanced: n 31,801 -> 39,712 (pos 31 -> 7,942, ratio target 0.25, k=5)
[SMOTE] shard rebalanced: n 31,801 -> 39,712 (pos 31 -> 7,942, ratio target 0.25, k=5)
[SMOTE] shard rebalanced: n 17,786 -> 20,412 (pos 1,456 -> 4,082, ratio target 0.25, k=5)
[SMOTE] shard rebalanced: n 105,135 -> 130,942 (pos 381 -> 26,188, ratio target 0.25, k=5)
[SMOTE] shard rebalanced: n 46,680 -> 57,278 (pos 857 -> 11,455, ratio target 0.25, k=5)
[SMOTE] shard rebalanced: n 6,727 -> 7,378 (pos 824 -> 1,475, ratio target 0.25, k=5)
[SMOTE] shard rebalanced: n 6,759 -> 7,378 (pos 856 -> 1,475, ratio target 0.25, k=5)
[SMOTE] shard rebalanced: n 105,135 -> 130,942 (pos 381 -> 26,188, ratio target 0.25, k=5)
[SMOTE] shard rebalanced: n 31,801 -> 39,712 (pos 31 -> 7,942, ratio target 0.25, k=5)
[SMOTE] shard rebalanced: n 6,727 -> 7,378 (pos 824 -> 1,475, ratio target 0.25, k=5)
[SMOTE] shard rebalanced: n 6,759 -> 7,378 (pos 856 -> 1,475, ratio target 0.25, k=5)
[SMOTE] shard rebalanced: n 17,786 -> 20,412 (pos 1,456 -> 4,082, ratio target 0.25, k=5)
[SMOTE] shard rebalanced: n 46,680 -> 57,278 (pos 857 -> 11,455, ratio target 0.25, k=5)
  Round  30 | val F1: 0.767 | val Recall: 0.652 | val ROC-AUC: 0.992
[SMOTE] shard rebalanced: n 6,727 -> 7,378 (pos 824 -> 1,475, ratio target 0.25, k=5)
[SMOTE] shard rebalanced: n 105,135 -> 130,942 (pos 381 -> 26,188, ratio target 0.25, k=5)
[SMOTE] shard rebalanced: n 31,801 -> 39,712 (pos 31 -> 7,942, ratio target 0.25, k=5)
[SMOTE] shard rebalanced: n 17,786 -> 20,412 (pos 1,456 -> 4,082, ratio target 0.25, k=5)
[SMOTE] shard rebalanced: n 46,680 -> 57,278 (pos 857 -> 11,455, ratio target 0.25, k=5)
[SMOTE] shard rebalanced: n 6,759 -> 7,378 (pos 856 -> 1,475, ratio target 0.25, k=5)
[SMOTE] shard rebalanced: n 105,135 -> 130,942 (pos 381 -> 26,188, ratio target 0.25, k=5)
[SMOTE] shard rebalanced: n 31,801 -> 39,712 (pos 31 -> 7,942, ratio target 0.25, k=5)
[SMOTE] shard rebalanced: n 6,727 -> 7,378 (pos 824 -> 1,475, ratio target 0.25, k=5)
[SMOTE] shard rebalanced: n 17,786 -> 20,412 (pos 1,456 -> 4,082, ratio target 0.25, k=5)
[SMOTE] shard rebalanced: n 46,680 -> 57,278 (pos 857 -> 11,455, ratio target 0.25, k=5)
[SMOTE] shard rebalanced: n 6,759 -> 7,378 (pos 856 -> 1,475, ratio target 0.25, k=5)
[SMOTE] shard rebalanced: n 6,727 -> 7,378 (pos 824 -> 1,475, ratio target 0.25, k=5)
[SMOTE] shard rebalanced: n 46,680 -> 57,278 (pos 857 -> 11,455, ratio target 0.25, k=5)
[SMOTE] shard rebalanced: n 17,786 -> 20,412 (pos 1,456 -> 4,082, ratio target 0.25, k=5)
[SMOTE] shard rebalanced: n 31,801 -> 39,712 (pos 31 -> 7,942, ratio target 0.25, k=5)
[SMOTE] shard rebalanced: n 6,759 -> 7,378 (pos 856 -> 1,475, ratio target 0.25, k=5)
[SMOTE] shard rebalanced: n 105,135 -> 130,942 (pos 381 -> 26,188, ratio target 0.25, k=5)
[SMOTE] shard rebalanced: n 46,680 -> 57,278 (pos 857 -> 11,455, ratio target 0.25, k=5)
[SMOTE] shard rebalanced: n 6,727 -> 7,378 (pos 824 -> 1,475, ratio target 0.25, k=5)
[SMOTE] shard rebalanced: n 105,135 -> 130,942 (pos 381 -> 26,188, ratio target 0.25, k=5)
[SMOTE] shard rebalanced: n 6,759 -> 7,378 (pos 856 -> 1,475, ratio target 0.25, k=5)
[SMOTE] shard rebalanced: n 31,801 -> 39,712 (pos 31 -> 7,942, ratio target 0.25, k=5)
[SMOTE] shard rebalanced: n 17,786 -> 20,412 (pos 1,456 -> 4,082, ratio target 0.25, k=5)
[SMOTE] shard rebalanced: n 6,759 -> 7,378 (pos 856 -> 1,475, ratio target 0.25, k=5)
[SMOTE] shard rebalanced: n 105,135 -> 130,942 (pos 381 -> 26,188, ratio target 0.25, k=5)
[SMOTE] shard rebalanced: n 31,801 -> 39,712 (pos 31 -> 7,942, ratio target 0.25, k=5)
[SMOTE] shard rebalanced: n 17,786 -> 20,412 (pos 1,456 -> 4,082, ratio target 0.25, k=5)
[SMOTE] shard rebalanced: n 46,680 -> 57,278 (pos 857 -> 11,455, ratio target 0.25, k=5)
[SMOTE] shard rebalanced: n 6,727 -> 7,378 (pos 824 -> 1,475, ratio target 0.25, k=5)
  Round  35 | val F1: 0.772 | val Recall: 0.656 | val ROC-AUC: 0.992
[SMOTE] shard rebalanced: n 17,786 -> 20,412 (pos 1,456 -> 4,082, ratio target 0.25, k=5)
[SMOTE] shard rebalanced: n 6,727 -> 7,378 (pos 824 -> 1,475, ratio target 0.25, k=5)
[SMOTE] shard rebalanced: n 31,801 -> 39,712 (pos 31 -> 7,942, ratio target 0.25, k=5)
[SMOTE] shard rebalanced: n 105,135 -> 130,942 (pos 381 -> 26,188, ratio target 0.25, k=5)
[SMOTE] shard rebalanced: n 6,759 -> 7,378 (pos 856 -> 1,475, ratio target 0.25, k=5)
[SMOTE] shard rebalanced: n 46,680 -> 57,278 (pos 857 -> 11,455, ratio target 0.25, k=5)
[SMOTE] shard rebalanced: n 31,801 -> 39,712 (pos 31 -> 7,942, ratio target 0.25, k=5)
[SMOTE] shard rebalanced: n 46,680 -> 57,278 (pos 857 -> 11,455, ratio target 0.25, k=5)
[SMOTE] shard rebalanced: n 105,135 -> 130,942 (pos 381 -> 26,188, ratio target 0.25, k=5)
[SMOTE] shard rebalanced: n 6,759 -> 7,378 (pos 856 -> 1,475, ratio target 0.25, k=5)
[SMOTE] shard rebalanced: n 17,786 -> 20,412 (pos 1,456 -> 4,082, ratio target 0.25, k=5)
[SMOTE] shard rebalanced: n 6,727 -> 7,378 (pos 824 -> 1,475, ratio target 0.25, k=5)
[SMOTE] shard rebalanced: n 17,786 -> 20,412 (pos 1,456 -> 4,082, ratio target 0.25, k=5)
[SMOTE] shard rebalanced: n 46,680 -> 57,278 (pos 857 -> 11,455, ratio target 0.25, k=5)
[SMOTE] shard rebalanced: n 105,135 -> 130,942 (pos 381 -> 26,188, ratio target 0.25, k=5)
[SMOTE] shard rebalanced: n 6,727 -> 7,378 (pos 824 -> 1,475, ratio target 0.25, k=5)
[SMOTE] shard rebalanced: n 6,759 -> 7,378 (pos 856 -> 1,475, ratio target 0.25, k=5)
[SMOTE] shard rebalanced: n 31,801 -> 39,712 (pos 31 -> 7,942, ratio target 0.25, k=5)
[SMOTE] shard rebalanced: n 6,727 -> 7,378 (pos 824 -> 1,475, ratio target 0.25, k=5)
[SMOTE] shard rebalanced: n 31,801 -> 39,712 (pos 31 -> 7,942, ratio target 0.25, k=5)
[SMOTE] shard rebalanced: n 17,786 -> 20,412 (pos 1,456 -> 4,082, ratio target 0.25, k=5)
[SMOTE] shard rebalanced: n 6,759 -> 7,378 (pos 856 -> 1,475, ratio target 0.25, k=5)
[SMOTE] shard rebalanced: n 105,135 -> 130,942 (pos 381 -> 26,188, ratio target 0.25, k=5)
[SMOTE] shard rebalanced: n 46,680 -> 57,278 (pos 857 -> 11,455, ratio target 0.25, k=5)
[SMOTE] shard rebalanced: n 105,135 -> 130,942 (pos 381 -> 26,188, ratio target 0.25, k=5)
[SMOTE] shard rebalanced: n 46,680 -> 57,278 (pos 857 -> 11,455, ratio target 0.25, k=5)
[SMOTE] shard rebalanced: n 31,801 -> 39,712 (pos 31 -> 7,942, ratio target 0.25, k=5)
[SMOTE] shard rebalanced: n 6,727 -> 7,378 (pos 824 -> 1,475, ratio target 0.25, k=5)
[SMOTE] shard rebalanced: n 17,786 -> 20,412 (pos 1,456 -> 4,082, ratio target 0.25, k=5)
[SMOTE] shard rebalanced: n 6,759 -> 7,378 (pos 856 -> 1,475, ratio target 0.25, k=5)
  Round  40 | val F1: 0.787 | val Recall: 0.671 | val ROC-AUC: 0.993
[SMOTE] shard rebalanced: n 105,135 -> 130,942 (pos 381 -> 26,188, ratio target 0.25, k=5)
[SMOTE] shard rebalanced: n 46,680 -> 57,278 (pos 857 -> 11,455, ratio target 0.25, k=5)
[SMOTE] shard rebalanced: n 6,727 -> 7,378 (pos 824 -> 1,475, ratio target 0.25, k=5)
[SMOTE] shard rebalanced: n 31,801 -> 39,712 (pos 31 -> 7,942, ratio target 0.25, k=5)
[SMOTE] shard rebalanced: n 17,786 -> 20,412 (pos 1,456 -> 4,082, ratio target 0.25, k=5)
[SMOTE] shard rebalanced: n 6,759 -> 7,378 (pos 856 -> 1,475, ratio target 0.25, k=5)
[SMOTE] shard rebalanced: n 6,727 -> 7,378 (pos 824 -> 1,475, ratio target 0.25, k=5)
[SMOTE] shard rebalanced: n 31,801 -> 39,712 (pos 31 -> 7,942, ratio target 0.25, k=5)
[SMOTE] shard rebalanced: n 105,135 -> 130,942 (pos 381 -> 26,188, ratio target 0.25, k=5)
[SMOTE] shard rebalanced: n 17,786 -> 20,412 (pos 1,456 -> 4,082, ratio target 0.25, k=5)
[SMOTE] shard rebalanced: n 6,759 -> 7,378 (pos 856 -> 1,475, ratio target 0.25, k=5)
[SMOTE] shard rebalanced: n 46,680 -> 57,278 (pos 857 -> 11,455, ratio target 0.25, k=5)
[SMOTE] shard rebalanced: n 31,801 -> 39,712 (pos 31 -> 7,942, ratio target 0.25, k=5)
[SMOTE] shard rebalanced: n 6,759 -> 7,378 (pos 856 -> 1,475, ratio target 0.25, k=5)
[SMOTE] shard rebalanced: n 6,727 -> 7,378 (pos 824 -> 1,475, ratio target 0.25, k=5)
[SMOTE] shard rebalanced: n 105,135 -> 130,942 (pos 381 -> 26,188, ratio target 0.25, k=5)
[SMOTE] shard rebalanced: n 46,680 -> 57,278 (pos 857 -> 11,455, ratio target 0.25, k=5)
[SMOTE] shard rebalanced: n 17,786 -> 20,412 (pos 1,456 -> 4,082, ratio target 0.25, k=5)
[SMOTE] shard rebalanced: n 46,680 -> 57,278 (pos 857 -> 11,455, ratio target 0.25, k=5)
[SMOTE] shard rebalanced: n 105,135 -> 130,942 (pos 381 -> 26,188, ratio target 0.25, k=5)
[SMOTE] shard rebalanced: n 6,727 -> 7,378 (pos 824 -> 1,475, ratio target 0.25, k=5)
[SMOTE] shard rebalanced: n 31,801 -> 39,712 (pos 31 -> 7,942, ratio target 0.25, k=5)
[SMOTE] shard rebalanced: n 17,786 -> 20,412 (pos 1,456 -> 4,082, ratio target 0.25, k=5)
[SMOTE] shard rebalanced: n 6,759 -> 7,378 (pos 856 -> 1,475, ratio target 0.25, k=5)
[SMOTE] shard rebalanced: n 46,680 -> 57,278 (pos 857 -> 11,455, ratio target 0.25, k=5)
[SMOTE] shard rebalanced: n 6,759 -> 7,378 (pos 856 -> 1,475, ratio target 0.25, k=5)
[SMOTE] shard rebalanced: n 6,727 -> 7,378 (pos 824 -> 1,475, ratio target 0.25, k=5)
[SMOTE] shard rebalanced: n 31,801 -> 39,712 (pos 31 -> 7,942, ratio target 0.25, k=5)
[SMOTE] shard rebalanced: n 105,135 -> 130,942 (pos 381 -> 26,188, ratio target 0.25, k=5)
[SMOTE] shard rebalanced: n 17,786 -> 20,412 (pos 1,456 -> 4,082, ratio target 0.25, k=5)
  Round  45 | val F1: 0.795 | val Recall: 0.685 | val ROC-AUC: 0.993
[SMOTE] shard rebalanced: n 6,759 -> 7,378 (pos 856 -> 1,475, ratio target 0.25, k=5)
[SMOTE] shard rebalanced: n 6,727 -> 7,378 (pos 824 -> 1,475, ratio target 0.25, k=5)
[SMOTE] shard rebalanced: n 31,801 -> 39,712 (pos 31 -> 7,942, ratio target 0.25, k=5)
[SMOTE] shard rebalanced: n 17,786 -> 20,412 (pos 1,456 -> 4,082, ratio target 0.25, k=5)
[SMOTE] shard rebalanced: n 46,680 -> 57,278 (pos 857 -> 11,455, ratio target 0.25, k=5)
[SMOTE] shard rebalanced: n 105,135 -> 130,942 (pos 381 -> 26,188, ratio target 0.25, k=5)
[SMOTE] shard rebalanced: n 31,801 -> 39,712 (pos 31 -> 7,942, ratio target 0.25, k=5)
[SMOTE] shard rebalanced: n 6,727 -> 7,378 (pos 824 -> 1,475, ratio target 0.25, k=5)
[SMOTE] shard rebalanced: n 105,135 -> 130,942 (pos 381 -> 26,188, ratio target 0.25, k=5)
[SMOTE] shard rebalanced: n 6,759 -> 7,378 (pos 856 -> 1,475, ratio target 0.25, k=5)
[SMOTE] shard rebalanced: n 46,680 -> 57,278 (pos 857 -> 11,455, ratio target 0.25, k=5)
[SMOTE] shard rebalanced: n 17,786 -> 20,412 (pos 1,456 -> 4,082, ratio target 0.25, k=5)
[SMOTE] shard rebalanced: n 105,135 -> 130,942 (pos 381 -> 26,188, ratio target 0.25, k=5)
[SMOTE] shard rebalanced: n 46,680 -> 57,278 (pos 857 -> 11,455, ratio target 0.25, k=5)
[SMOTE] shard rebalanced: n 17,786 -> 20,412 (pos 1,456 -> 4,082, ratio target 0.25, k=5)
[SMOTE] shard rebalanced: n 6,759 -> 7,378 (pos 856 -> 1,475, ratio target 0.25, k=5)
[SMOTE] shard rebalanced: n 6,727 -> 7,378 (pos 824 -> 1,475, ratio target 0.25, k=5)
[SMOTE] shard rebalanced: n 31,801 -> 39,712 (pos 31 -> 7,942, ratio target 0.25, k=5)
[SMOTE] shard rebalanced: n 31,801 -> 39,712 (pos 31 -> 7,942, ratio target 0.25, k=5)
[SMOTE] shard rebalanced: n 6,759 -> 7,378 (pos 856 -> 1,475, ratio target 0.25, k=5)
[SMOTE] shard rebalanced: n 6,727 -> 7,378 (pos 824 -> 1,475, ratio target 0.25, k=5)
[SMOTE] shard rebalanced: n 17,786 -> 20,412 (pos 1,456 -> 4,082, ratio target 0.25, k=5)
[SMOTE] shard rebalanced: n 105,135 -> 130,942 (pos 381 -> 26,188, ratio target 0.25, k=5)
[SMOTE] shard rebalanced: n 46,680 -> 57,278 (pos 857 -> 11,455, ratio target 0.25, k=5)
[SMOTE] shard rebalanced: n 17,786 -> 20,412 (pos 1,456 -> 4,082, ratio target 0.25, k=5)
[SMOTE] shard rebalanced: n 105,135 -> 130,942 (pos 381 -> 26,188, ratio target 0.25, k=5)
[SMOTE] shard rebalanced: n 6,727 -> 7,378 (pos 824 -> 1,475, ratio target 0.25, k=5)
[SMOTE] shard rebalanced: n 46,680 -> 57,278 (pos 857 -> 11,455, ratio target 0.25, k=5)
[SMOTE] shard rebalanced: n 31,801 -> 39,712 (pos 31 -> 7,942, ratio target 0.25, k=5)
[SMOTE] shard rebalanced: n 6,759 -> 7,378 (pos 856 -> 1,475, ratio target 0.25, k=5)
  Round  50 | val F1: 0.796 | val Recall: 0.690 | val ROC-AUC: 0.994

  [fedavg] Restored best VALIDATION checkpoint (val F1=0.796)
[Model] Creating SolarLSTM (hidden=128, layers=2, bidir=False, seed=42)
[Model] GPU: NVIDIA GeForce RTX 4060 Laptop GPU | allocated: 20.7 MB
[Model] Parameters: 219,265
============================================================
 FedProx (mu=0.01) [cuda] | LSTM | agg=plain | pos_rate=0.020
 monitoring: VALIDATION (40,932 samples)
============================================================
[SMOTE] shard rebalanced: n 17,786 -> 20,412 (pos 1,456 -> 4,082, ratio target 0.25, k=5)
[SMOTE] shard rebalanced: n 105,135 -> 130,942 (pos 381 -> 26,188, ratio target 0.25, k=5)
[SMOTE] shard rebalanced: n 6,759 -> 7,378 (pos 856 -> 1,475, ratio target 0.25, k=5)
[SMOTE] shard rebalanced: n 46,680 -> 57,278 (pos 857 -> 11,455, ratio target 0.25, k=5)
[SMOTE] shard rebalanced: n 6,727 -> 7,378 (pos 824 -> 1,475, ratio target 0.25, k=5)
[SMOTE] shard rebalanced: n 31,801 -> 39,712 (pos 31 -> 7,942, ratio target 0.25, k=5)
[SMOTE] shard rebalanced: n 31,801 -> 39,712 (pos 31 -> 7,942, ratio target 0.25, k=5)
[SMOTE] shard rebalanced: n 17,786 -> 20,412 (pos 1,456 -> 4,082, ratio target 0.25, k=5)
[SMOTE] shard rebalanced: n 105,135 -> 130,942 (pos 381 -> 26,188, ratio target 0.25, k=5)
[SMOTE] shard rebalanced: n 46,680 -> 57,278 (pos 857 -> 11,455, ratio target 0.25, k=5)
[SMOTE] shard rebalanced: n 6,759 -> 7,378 (pos 856 -> 1,475, ratio target 0.25, k=5)
[SMOTE] shard rebalanced: n 6,727 -> 7,378 (pos 824 -> 1,475, ratio target 0.25, k=5)
[SMOTE] shard rebalanced: n 6,727 -> 7,378 (pos 824 -> 1,475, ratio target 0.25, k=5)
[SMOTE] shard rebalanced: n 105,135 -> 130,942 (pos 381 -> 26,188, ratio target 0.25, k=5)
[SMOTE] shard rebalanced: n 17,786 -> 20,412 (pos 1,456 -> 4,082, ratio target 0.25, k=5)
[SMOTE] shard rebalanced: n 31,801 -> 39,712 (pos 31 -> 7,942, ratio target 0.25, k=5)
[SMOTE] shard rebalanced: n 6,759 -> 7,378 (pos 856 -> 1,475, ratio target 0.25, k=5)
[SMOTE] shard rebalanced: n 46,680 -> 57,278 (pos 857 -> 11,455, ratio target 0.25, k=5)
[SMOTE] shard rebalanced: n 17,786 -> 20,412 (pos 1,456 -> 4,082, ratio target 0.25, k=5)
[SMOTE] shard rebalanced: n 6,759 -> 7,378 (pos 856 -> 1,475, ratio target 0.25, k=5)
[SMOTE] shard rebalanced: n 31,801 -> 39,712 (pos 31 -> 7,942, ratio target 0.25, k=5)
[SMOTE] shard rebalanced: n 105,135 -> 130,942 (pos 381 -> 26,188, ratio target 0.25, k=5)
[SMOTE] shard rebalanced: n 6,727 -> 7,378 (pos 824 -> 1,475, ratio target 0.25, k=5)
[SMOTE] shard rebalanced: n 46,680 -> 57,278 (pos 857 -> 11,455, ratio target 0.25, k=5)
[SMOTE] shard rebalanced: n 46,680 -> 57,278 (pos 857 -> 11,455, ratio target 0.25, k=5)
[SMOTE] shard rebalanced: n 6,759 -> 7,378 (pos 856 -> 1,475, ratio target 0.25, k=5)
[SMOTE] shard rebalanced: n 6,727 -> 7,378 (pos 824 -> 1,475, ratio target 0.25, k=5)
[SMOTE] shard rebalanced: n 17,786 -> 20,412 (pos 1,456 -> 4,082, ratio target 0.25, k=5)
[SMOTE] shard rebalanced: n 31,801 -> 39,712 (pos 31 -> 7,942, ratio target 0.25, k=5)
[SMOTE] shard rebalanced: n 105,135 -> 130,942 (pos 381 -> 26,188, ratio target 0.25, k=5)
  Round   5 | val F1: 0.497 | val Recall: 0.641 | val ROC-AUC: 0.973
[SMOTE] shard rebalanced: n 6,759 -> 7,378 (pos 856 -> 1,475, ratio target 0.25, k=5)
[SMOTE] shard rebalanced: n 46,680 -> 57,278 (pos 857 -> 11,455, ratio target 0.25, k=5)
[SMOTE] shard rebalanced: n 17,786 -> 20,412 (pos 1,456 -> 4,082, ratio target 0.25, k=5)
[SMOTE] shard rebalanced: n 31,801 -> 39,712 (pos 31 -> 7,942, ratio target 0.25, k=5)
[SMOTE] shard rebalanced: n 6,727 -> 7,378 (pos 824 -> 1,475, ratio target 0.25, k=5)
[SMOTE] shard rebalanced: n 105,135 -> 130,942 (pos 381 -> 26,188, ratio target 0.25, k=5)
[SMOTE] shard rebalanced: n 17,786 -> 20,412 (pos 1,456 -> 4,082, ratio target 0.25, k=5)
[SMOTE] shard rebalanced: n 31,801 -> 39,712 (pos 31 -> 7,942, ratio target 0.25, k=5)
[SMOTE] shard rebalanced: n 105,135 -> 130,942 (pos 381 -> 26,188, ratio target 0.25, k=5)
[SMOTE] shard rebalanced: n 6,727 -> 7,378 (pos 824 -> 1,475, ratio target 0.25, k=5)
[SMOTE] shard rebalanced: n 6,759 -> 7,378 (pos 856 -> 1,475, ratio target 0.25, k=5)
[SMOTE] shard rebalanced: n 46,680 -> 57,278 (pos 857 -> 11,455, ratio target 0.25, k=5)
[SMOTE] shard rebalanced: n 17,786 -> 20,412 (pos 1,456 -> 4,082, ratio target 0.25, k=5)
[SMOTE] shard rebalanced: n 105,135 -> 130,942 (pos 381 -> 26,188, ratio target 0.25, k=5)
[SMOTE] shard rebalanced: n 46,680 -> 57,278 (pos 857 -> 11,455, ratio target 0.25, k=5)
[SMOTE] shard rebalanced: n 6,727 -> 7,378 (pos 824 -> 1,475, ratio target 0.25, k=5)
[SMOTE] shard rebalanced: n 6,759 -> 7,378 (pos 856 -> 1,475, ratio target 0.25, k=5)
[SMOTE] shard rebalanced: n 31,801 -> 39,712 (pos 31 -> 7,942, ratio target 0.25, k=5)
[SMOTE] shard rebalanced: n 17,786 -> 20,412 (pos 1,456 -> 4,082, ratio target 0.25, k=5)
[SMOTE] shard rebalanced: n 105,135 -> 130,942 (pos 381 -> 26,188, ratio target 0.25, k=5)
[SMOTE] shard rebalanced: n 6,727 -> 7,378 (pos 824 -> 1,475, ratio target 0.25, k=5)
[SMOTE] shard rebalanced: n 31,801 -> 39,712 (pos 31 -> 7,942, ratio target 0.25, k=5)
[SMOTE] shard rebalanced: n 46,680 -> 57,278 (pos 857 -> 11,455, ratio target 0.25, k=5)
[SMOTE] shard rebalanced: n 6,759 -> 7,378 (pos 856 -> 1,475, ratio target 0.25, k=5)
[SMOTE] shard rebalanced: n 105,135 -> 130,942 (pos 381 -> 26,188, ratio target 0.25, k=5)
[SMOTE] shard rebalanced: n 31,801 -> 39,712 (pos 31 -> 7,942, ratio target 0.25, k=5)
[SMOTE] shard rebalanced: n 6,727 -> 7,378 (pos 824 -> 1,475, ratio target 0.25, k=5)
[SMOTE] shard rebalanced: n 6,759 -> 7,378 (pos 856 -> 1,475, ratio target 0.25, k=5)
[SMOTE] shard rebalanced: n 46,680 -> 57,278 (pos 857 -> 11,455, ratio target 0.25, k=5)
[SMOTE] shard rebalanced: n 17,786 -> 20,412 (pos 1,456 -> 4,082, ratio target 0.25, k=5)
  Round  10 | val F1: 0.527 | val Recall: 0.694 | val ROC-AUC: 0.977
[SMOTE] shard rebalanced: n 6,759 -> 7,378 (pos 856 -> 1,475, ratio target 0.25, k=5)
[SMOTE] shard rebalanced: n 31,801 -> 39,712 (pos 31 -> 7,942, ratio target 0.25, k=5)
[SMOTE] shard rebalanced: n 105,135 -> 130,942 (pos 381 -> 26,188, ratio target 0.25, k=5)
[SMOTE] shard rebalanced: n 46,680 -> 57,278 (pos 857 -> 11,455, ratio target 0.25, k=5)
[SMOTE] shard rebalanced: n 17,786 -> 20,412 (pos 1,456 -> 4,082, ratio target 0.25, k=5)
[SMOTE] shard rebalanced: n 6,727 -> 7,378 (pos 824 -> 1,475, ratio target 0.25, k=5)
[SMOTE] shard rebalanced: n 6,759 -> 7,378 (pos 856 -> 1,475, ratio target 0.25, k=5)
[SMOTE] shard rebalanced: n 46,680 -> 57,278 (pos 857 -> 11,455, ratio target 0.25, k=5)
[SMOTE] shard rebalanced: n 6,727 -> 7,378 (pos 824 -> 1,475, ratio target 0.25, k=5)
[SMOTE] shard rebalanced: n 105,135 -> 130,942 (pos 381 -> 26,188, ratio target 0.25, k=5)
[SMOTE] shard rebalanced: n 31,801 -> 39,712 (pos 31 -> 7,942, ratio target 0.25, k=5)
[SMOTE] shard rebalanced: n 17,786 -> 20,412 (pos 1,456 -> 4,082, ratio target 0.25, k=5)
[SMOTE] shard rebalanced: n 31,801 -> 39,712 (pos 31 -> 7,942, ratio target 0.25, k=5)
[SMOTE] shard rebalanced: n 46,680 -> 57,278 (pos 857 -> 11,455, ratio target 0.25, k=5)
[SMOTE] shard rebalanced: n 6,727 -> 7,378 (pos 824 -> 1,475, ratio target 0.25, k=5)
[SMOTE] shard rebalanced: n 6,759 -> 7,378 (pos 856 -> 1,475, ratio target 0.25, k=5)
[SMOTE] shard rebalanced: n 105,135 -> 130,942 (pos 381 -> 26,188, ratio target 0.25, k=5)
[SMOTE] shard rebalanced: n 17,786 -> 20,412 (pos 1,456 -> 4,082, ratio target 0.25, k=5)
[SMOTE] shard rebalanced: n 6,727 -> 7,378 (pos 824 -> 1,475, ratio target 0.25, k=5)
[SMOTE] shard rebalanced: n 105,135 -> 130,942 (pos 381 -> 26,188, ratio target 0.25, k=5)
[SMOTE] shard rebalanced: n 17,786 -> 20,412 (pos 1,456 -> 4,082, ratio target 0.25, k=5)
[SMOTE] shard rebalanced: n 46,680 -> 57,278 (pos 857 -> 11,455, ratio target 0.25, k=5)
[SMOTE] shard rebalanced: n 6,759 -> 7,378 (pos 856 -> 1,475, ratio target 0.25, k=5)
[SMOTE] shard rebalanced: n 31,801 -> 39,712 (pos 31 -> 7,942, ratio target 0.25, k=5)
[SMOTE] shard rebalanced: n 6,727 -> 7,378 (pos 824 -> 1,475, ratio target 0.25, k=5)
[SMOTE] shard rebalanced: n 6,759 -> 7,378 (pos 856 -> 1,475, ratio target 0.25, k=5)
[SMOTE] shard rebalanced: n 105,135 -> 130,942 (pos 381 -> 26,188, ratio target 0.25, k=5)
[SMOTE] shard rebalanced: n 31,801 -> 39,712 (pos 31 -> 7,942, ratio target 0.25, k=5)
[SMOTE] shard rebalanced: n 17,786 -> 20,412 (pos 1,456 -> 4,082, ratio target 0.25, k=5)
[SMOTE] shard rebalanced: n 46,680 -> 57,278 (pos 857 -> 11,455, ratio target 0.25, k=5)
  Round  15 | val F1: 0.582 | val Recall: 0.701 | val ROC-AUC: 0.980
[SMOTE] shard rebalanced: n 17,786 -> 20,412 (pos 1,456 -> 4,082, ratio target 0.25, k=5)
[SMOTE] shard rebalanced: n 46,680 -> 57,278 (pos 857 -> 11,455, ratio target 0.25, k=5)
[SMOTE] shard rebalanced: n 6,759 -> 7,378 (pos 856 -> 1,475, ratio target 0.25, k=5)
[SMOTE] shard rebalanced: n 6,727 -> 7,378 (pos 824 -> 1,475, ratio target 0.25, k=5)
[SMOTE] shard rebalanced: n 105,135 -> 130,942 (pos 381 -> 26,188, ratio target 0.25, k=5)
[SMOTE] shard rebalanced: n 31,801 -> 39,712 (pos 31 -> 7,942, ratio target 0.25, k=5)
[SMOTE] shard rebalanced: n 6,727 -> 7,378 (pos 824 -> 1,475, ratio target 0.25, k=5)
[SMOTE] shard rebalanced: n 46,680 -> 57,278 (pos 857 -> 11,455, ratio target 0.25, k=5)
[SMOTE] shard rebalanced: n 17,786 -> 20,412 (pos 1,456 -> 4,082, ratio target 0.25, k=5)
[SMOTE] shard rebalanced: n 6,759 -> 7,378 (pos 856 -> 1,475, ratio target 0.25, k=5)
[SMOTE] shard rebalanced: n 31,801 -> 39,712 (pos 31 -> 7,942, ratio target 0.25, k=5)
[SMOTE] shard rebalanced: n 105,135 -> 130,942 (pos 381 -> 26,188, ratio target 0.25, k=5)
[SMOTE] shard rebalanced: n 17,786 -> 20,412 (pos 1,456 -> 4,082, ratio target 0.25, k=5)
[SMOTE] shard rebalanced: n 46,680 -> 57,278 (pos 857 -> 11,455, ratio target 0.25, k=5)
[SMOTE] shard rebalanced: n 6,727 -> 7,378 (pos 824 -> 1,475, ratio target 0.25, k=5)
[SMOTE] shard rebalanced: n 31,801 -> 39,712 (pos 31 -> 7,942, ratio target 0.25, k=5)
[SMOTE] shard rebalanced: n 6,759 -> 7,378 (pos 856 -> 1,475, ratio target 0.25, k=5)
[SMOTE] shard rebalanced: n 105,135 -> 130,942 (pos 381 -> 26,188, ratio target 0.25, k=5)
[SMOTE] shard rebalanced: n 17,786 -> 20,412 (pos 1,456 -> 4,082, ratio target 0.25, k=5)
[SMOTE] shard rebalanced: n 6,727 -> 7,378 (pos 824 -> 1,475, ratio target 0.25, k=5)
[SMOTE] shard rebalanced: n 46,680 -> 57,278 (pos 857 -> 11,455, ratio target 0.25, k=5)
[SMOTE] shard rebalanced: n 105,135 -> 130,942 (pos 381 -> 26,188, ratio target 0.25, k=5)
[SMOTE] shard rebalanced: n 31,801 -> 39,712 (pos 31 -> 7,942, ratio target 0.25, k=5)
[SMOTE] shard rebalanced: n 6,759 -> 7,378 (pos 856 -> 1,475, ratio target 0.25, k=5)
[SMOTE] shard rebalanced: n 6,727 -> 7,378 (pos 824 -> 1,475, ratio target 0.25, k=5)
[SMOTE] shard rebalanced: n 46,680 -> 57,278 (pos 857 -> 11,455, ratio target 0.25, k=5)
[SMOTE] shard rebalanced: n 105,135 -> 130,942 (pos 381 -> 26,188, ratio target 0.25, k=5)
[SMOTE] shard rebalanced: n 17,786 -> 20,412 (pos 1,456 -> 4,082, ratio target 0.25, k=5)
[SMOTE] shard rebalanced: n 31,801 -> 39,712 (pos 31 -> 7,942, ratio target 0.25, k=5)
[SMOTE] shard rebalanced: n 6,759 -> 7,378 (pos 856 -> 1,475, ratio target 0.25, k=5)
  Round  20 | val F1: 0.612 | val Recall: 0.678 | val ROC-AUC: 0.982
[SMOTE] shard rebalanced: n 31,801 -> 39,712 (pos 31 -> 7,942, ratio target 0.25, k=5)
[SMOTE] shard rebalanced: n 17,786 -> 20,412 (pos 1,456 -> 4,082, ratio target 0.25, k=5)
[SMOTE] shard rebalanced: n 46,680 -> 57,278 (pos 857 -> 11,455, ratio target 0.25, k=5)
[SMOTE] shard rebalanced: n 105,135 -> 130,942 (pos 381 -> 26,188, ratio target 0.25, k=5)
[SMOTE] shard rebalanced: n 6,759 -> 7,378 (pos 856 -> 1,475, ratio target 0.25, k=5)
[SMOTE] shard rebalanced: n 6,727 -> 7,378 (pos 824 -> 1,475, ratio target 0.25, k=5)
[SMOTE] shard rebalanced: n 6,759 -> 7,378 (pos 856 -> 1,475, ratio target 0.25, k=5)
[SMOTE] shard rebalanced: n 46,680 -> 57,278 (pos 857 -> 11,455, ratio target 0.25, k=5)
[SMOTE] shard rebalanced: n 6,727 -> 7,378 (pos 824 -> 1,475, ratio target 0.25, k=5)
[SMOTE] shard rebalanced: n 31,801 -> 39,712 (pos 31 -> 7,942, ratio target 0.25, k=5)
[SMOTE] shard rebalanced: n 17,786 -> 20,412 (pos 1,456 -> 4,082, ratio target 0.25, k=5)
[SMOTE] shard rebalanced: n 105,135 -> 130,942 (pos 381 -> 26,188, ratio target 0.25, k=5)
[SMOTE] shard rebalanced: n 105,135 -> 130,942 (pos 381 -> 26,188, ratio target 0.25, k=5)
[SMOTE] shard rebalanced: n 46,680 -> 57,278 (pos 857 -> 11,455, ratio target 0.25, k=5)
[SMOTE] shard rebalanced: n 31,801 -> 39,712 (pos 31 -> 7,942, ratio target 0.25, k=5)
[SMOTE] shard rebalanced: n 17,786 -> 20,412 (pos 1,456 -> 4,082, ratio target 0.25, k=5)
[SMOTE] shard rebalanced: n 6,759 -> 7,378 (pos 856 -> 1,475, ratio target 0.25, k=5)
[SMOTE] shard rebalanced: n 6,727 -> 7,378 (pos 824 -> 1,475, ratio target 0.25, k=5)
[SMOTE] shard rebalanced: n 105,135 -> 130,942 (pos 381 -> 26,188, ratio target 0.25, k=5)
[SMOTE] shard rebalanced: n 6,727 -> 7,378 (pos 824 -> 1,475, ratio target 0.25, k=5)
[SMOTE] shard rebalanced: n 46,680 -> 57,278 (pos 857 -> 11,455, ratio target 0.25, k=5)
[SMOTE] shard rebalanced: n 31,801 -> 39,712 (pos 31 -> 7,942, ratio target 0.25, k=5)
[SMOTE] shard rebalanced: n 6,759 -> 7,378 (pos 856 -> 1,475, ratio target 0.25, k=5)
[SMOTE] shard rebalanced: n 17,786 -> 20,412 (pos 1,456 -> 4,082, ratio target 0.25, k=5)
[SMOTE] shard rebalanced: n 105,135 -> 130,942 (pos 381 -> 26,188, ratio target 0.25, k=5)
[SMOTE] shard rebalanced: n 6,727 -> 7,378 (pos 824 -> 1,475, ratio target 0.25, k=5)
[SMOTE] shard rebalanced: n 6,759 -> 7,378 (pos 856 -> 1,475, ratio target 0.25, k=5)
[SMOTE] shard rebalanced: n 31,801 -> 39,712 (pos 31 -> 7,942, ratio target 0.25, k=5)
[SMOTE] shard rebalanced: n 17,786 -> 20,412 (pos 1,456 -> 4,082, ratio target 0.25, k=5)
[SMOTE] shard rebalanced: n 46,680 -> 57,278 (pos 857 -> 11,455, ratio target 0.25, k=5)
  Round  25 | val F1: 0.639 | val Recall: 0.663 | val ROC-AUC: 0.984
[SMOTE] shard rebalanced: n 6,727 -> 7,378 (pos 824 -> 1,475, ratio target 0.25, k=5)
[SMOTE] shard rebalanced: n 31,801 -> 39,712 (pos 31 -> 7,942, ratio target 0.25, k=5)
[SMOTE] shard rebalanced: n 105,135 -> 130,942 (pos 381 -> 26,188, ratio target 0.25, k=5)
[SMOTE] shard rebalanced: n 6,759 -> 7,378 (pos 856 -> 1,475, ratio target 0.25, k=5)
[SMOTE] shard rebalanced: n 46,680 -> 57,278 (pos 857 -> 11,455, ratio target 0.25, k=5)
[SMOTE] shard rebalanced: n 17,786 -> 20,412 (pos 1,456 -> 4,082, ratio target 0.25, k=5)
[SMOTE] shard rebalanced: n 6,759 -> 7,378 (pos 856 -> 1,475, ratio target 0.25, k=5)
[SMOTE] shard rebalanced: n 6,727 -> 7,378 (pos 824 -> 1,475, ratio target 0.25, k=5)
[SMOTE] shard rebalanced: n 46,680 -> 57,278 (pos 857 -> 11,455, ratio target 0.25, k=5)
[SMOTE] shard rebalanced: n 31,801 -> 39,712 (pos 31 -> 7,942, ratio target 0.25, k=5)
[SMOTE] shard rebalanced: n 17,786 -> 20,412 (pos 1,456 -> 4,082, ratio target 0.25, k=5)
[SMOTE] shard rebalanced: n 105,135 -> 130,942 (pos 381 -> 26,188, ratio target 0.25, k=5)
[SMOTE] shard rebalanced: n 6,727 -> 7,378 (pos 824 -> 1,475, ratio target 0.25, k=5)
[SMOTE] shard rebalanced: n 6,759 -> 7,378 (pos 856 -> 1,475, ratio target 0.25, k=5)
[SMOTE] shard rebalanced: n 46,680 -> 57,278 (pos 857 -> 11,455, ratio target 0.25, k=5)
[SMOTE] shard rebalanced: n 17,786 -> 20,412 (pos 1,456 -> 4,082, ratio target 0.25, k=5)
[SMOTE] shard rebalanced: n 105,135 -> 130,942 (pos 381 -> 26,188, ratio target 0.25, k=5)
[SMOTE] shard rebalanced: n 31,801 -> 39,712 (pos 31 -> 7,942, ratio target 0.25, k=5)
[SMOTE] shard rebalanced: n 31,801 -> 39,712 (pos 31 -> 7,942, ratio target 0.25, k=5)
[SMOTE] shard rebalanced: n 17,786 -> 20,412 (pos 1,456 -> 4,082, ratio target 0.25, k=5)
[SMOTE] shard rebalanced: n 105,135 -> 130,942 (pos 381 -> 26,188, ratio target 0.25, k=5)
[SMOTE] shard rebalanced: n 46,680 -> 57,278 (pos 857 -> 11,455, ratio target 0.25, k=5)
[SMOTE] shard rebalanced: n 6,727 -> 7,378 (pos 824 -> 1,475, ratio target 0.25, k=5)
[SMOTE] shard rebalanced: n 6,759 -> 7,378 (pos 856 -> 1,475, ratio target 0.25, k=5)
[SMOTE] shard rebalanced: n 105,135 -> 130,942 (pos 381 -> 26,188, ratio target 0.25, k=5)
[SMOTE] shard rebalanced: n 31,801 -> 39,712 (pos 31 -> 7,942, ratio target 0.25, k=5)
[SMOTE] shard rebalanced: n 6,727 -> 7,378 (pos 824 -> 1,475, ratio target 0.25, k=5)
[SMOTE] shard rebalanced: n 6,759 -> 7,378 (pos 856 -> 1,475, ratio target 0.25, k=5)
[SMOTE] shard rebalanced: n 17,786 -> 20,412 (pos 1,456 -> 4,082, ratio target 0.25, k=5)
[SMOTE] shard rebalanced: n 46,680 -> 57,278 (pos 857 -> 11,455, ratio target 0.25, k=5)
  Round  30 | val F1: 0.674 | val Recall: 0.671 | val ROC-AUC: 0.985
[SMOTE] shard rebalanced: n 6,727 -> 7,378 (pos 824 -> 1,475, ratio target 0.25, k=5)
[SMOTE] shard rebalanced: n 105,135 -> 130,942 (pos 381 -> 26,188, ratio target 0.25, k=5)
[SMOTE] shard rebalanced: n 31,801 -> 39,712 (pos 31 -> 7,942, ratio target 0.25, k=5)
[SMOTE] shard rebalanced: n 17,786 -> 20,412 (pos 1,456 -> 4,082, ratio target 0.25, k=5)
[SMOTE] shard rebalanced: n 46,680 -> 57,278 (pos 857 -> 11,455, ratio target 0.25, k=5)
[SMOTE] shard rebalanced: n 6,759 -> 7,378 (pos 856 -> 1,475, ratio target 0.25, k=5)
[SMOTE] shard rebalanced: n 105,135 -> 130,942 (pos 381 -> 26,188, ratio target 0.25, k=5)
[SMOTE] shard rebalanced: n 31,801 -> 39,712 (pos 31 -> 7,942, ratio target 0.25, k=5)
[SMOTE] shard rebalanced: n 6,727 -> 7,378 (pos 824 -> 1,475, ratio target 0.25, k=5)
[SMOTE] shard rebalanced: n 17,786 -> 20,412 (pos 1,456 -> 4,082, ratio target 0.25, k=5)
[SMOTE] shard rebalanced: n 46,680 -> 57,278 (pos 857 -> 11,455, ratio target 0.25, k=5)
[SMOTE] shard rebalanced: n 6,759 -> 7,378 (pos 856 -> 1,475, ratio target 0.25, k=5)
[SMOTE] shard rebalanced: n 6,727 -> 7,378 (pos 824 -> 1,475, ratio target 0.25, k=5)
[SMOTE] shard rebalanced: n 46,680 -> 57,278 (pos 857 -> 11,455, ratio target 0.25, k=5)
[SMOTE] shard rebalanced: n 17,786 -> 20,412 (pos 1,456 -> 4,082, ratio target 0.25, k=5)
[SMOTE] shard rebalanced: n 31,801 -> 39,712 (pos 31 -> 7,942, ratio target 0.25, k=5)
[SMOTE] shard rebalanced: n 6,759 -> 7,378 (pos 856 -> 1,475, ratio target 0.25, k=5)
[SMOTE] shard rebalanced: n 105,135 -> 130,942 (pos 381 -> 26,188, ratio target 0.25, k=5)
[SMOTE] shard rebalanced: n 46,680 -> 57,278 (pos 857 -> 11,455, ratio target 0.25, k=5)
[SMOTE] shard rebalanced: n 6,727 -> 7,378 (pos 824 -> 1,475, ratio target 0.25, k=5)
[SMOTE] shard rebalanced: n 105,135 -> 130,942 (pos 381 -> 26,188, ratio target 0.25, k=5)
[SMOTE] shard rebalanced: n 6,759 -> 7,378 (pos 856 -> 1,475, ratio target 0.25, k=5)
[SMOTE] shard rebalanced: n 31,801 -> 39,712 (pos 31 -> 7,942, ratio target 0.25, k=5)
[SMOTE] shard rebalanced: n 17,786 -> 20,412 (pos 1,456 -> 4,082, ratio target 0.25, k=5)
[SMOTE] shard rebalanced: n 6,759 -> 7,378 (pos 856 -> 1,475, ratio target 0.25, k=5)
[SMOTE] shard rebalanced: n 105,135 -> 130,942 (pos 381 -> 26,188, ratio target 0.25, k=5)
[SMOTE] shard rebalanced: n 31,801 -> 39,712 (pos 31 -> 7,942, ratio target 0.25, k=5)
[SMOTE] shard rebalanced: n 17,786 -> 20,412 (pos 1,456 -> 4,082, ratio target 0.25, k=5)
[SMOTE] shard rebalanced: n 46,680 -> 57,278 (pos 857 -> 11,455, ratio target 0.25, k=5)
[SMOTE] shard rebalanced: n 6,727 -> 7,378 (pos 824 -> 1,475, ratio target 0.25, k=5)
  Round  35 | val F1: 0.696 | val Recall: 0.702 | val ROC-AUC: 0.987
[SMOTE] shard rebalanced: n 17,786 -> 20,412 (pos 1,456 -> 4,082, ratio target 0.25, k=5)
[SMOTE] shard rebalanced: n 6,727 -> 7,378 (pos 824 -> 1,475, ratio target 0.25, k=5)
[SMOTE] shard rebalanced: n 31,801 -> 39,712 (pos 31 -> 7,942, ratio target 0.25, k=5)
[SMOTE] shard rebalanced: n 105,135 -> 130,942 (pos 381 -> 26,188, ratio target 0.25, k=5)
[SMOTE] shard rebalanced: n 6,759 -> 7,378 (pos 856 -> 1,475, ratio target 0.25, k=5)
[SMOTE] shard rebalanced: n 46,680 -> 57,278 (pos 857 -> 11,455, ratio target 0.25, k=5)
[SMOTE] shard rebalanced: n 31,801 -> 39,712 (pos 31 -> 7,942, ratio target 0.25, k=5)
[SMOTE] shard rebalanced: n 46,680 -> 57,278 (pos 857 -> 11,455, ratio target 0.25, k=5)
[SMOTE] shard rebalanced: n 105,135 -> 130,942 (pos 381 -> 26,188, ratio target 0.25, k=5)
[SMOTE] shard rebalanced: n 6,759 -> 7,378 (pos 856 -> 1,475, ratio target 0.25, k=5)
[SMOTE] shard rebalanced: n 17,786 -> 20,412 (pos 1,456 -> 4,082, ratio target 0.25, k=5)
[SMOTE] shard rebalanced: n 6,727 -> 7,378 (pos 824 -> 1,475, ratio target 0.25, k=5)
[SMOTE] shard rebalanced: n 17,786 -> 20,412 (pos 1,456 -> 4,082, ratio target 0.25, k=5)
[SMOTE] shard rebalanced: n 46,680 -> 57,278 (pos 857 -> 11,455, ratio target 0.25, k=5)
[SMOTE] shard rebalanced: n 105,135 -> 130,942 (pos 381 -> 26,188, ratio target 0.25, k=5)
[SMOTE] shard rebalanced: n 6,727 -> 7,378 (pos 824 -> 1,475, ratio target 0.25, k=5)
[SMOTE] shard rebalanced: n 6,759 -> 7,378 (pos 856 -> 1,475, ratio target 0.25, k=5)
[SMOTE] shard rebalanced: n 31,801 -> 39,712 (pos 31 -> 7,942, ratio target 0.25, k=5)
[SMOTE] shard rebalanced: n 6,727 -> 7,378 (pos 824 -> 1,475, ratio target 0.25, k=5)
[SMOTE] shard rebalanced: n 31,801 -> 39,712 (pos 31 -> 7,942, ratio target 0.25, k=5)
[SMOTE] shard rebalanced: n 17,786 -> 20,412 (pos 1,456 -> 4,082, ratio target 0.25, k=5)
[SMOTE] shard rebalanced: n 6,759 -> 7,378 (pos 856 -> 1,475, ratio target 0.25, k=5)
[SMOTE] shard rebalanced: n 105,135 -> 130,942 (pos 381 -> 26,188, ratio target 0.25, k=5)
[SMOTE] shard rebalanced: n 46,680 -> 57,278 (pos 857 -> 11,455, ratio target 0.25, k=5)
[SMOTE] shard rebalanced: n 105,135 -> 130,942 (pos 381 -> 26,188, ratio target 0.25, k=5)
[SMOTE] shard rebalanced: n 46,680 -> 57,278 (pos 857 -> 11,455, ratio target 0.25, k=5)
[SMOTE] shard rebalanced: n 31,801 -> 39,712 (pos 31 -> 7,942, ratio target 0.25, k=5)
[SMOTE] shard rebalanced: n 6,727 -> 7,378 (pos 824 -> 1,475, ratio target 0.25, k=5)
[SMOTE] shard rebalanced: n 17,786 -> 20,412 (pos 1,456 -> 4,082, ratio target 0.25, k=5)
[SMOTE] shard rebalanced: n 6,759 -> 7,378 (pos 856 -> 1,475, ratio target 0.25, k=5)
  Round  40 | val F1: 0.698 | val Recall: 0.683 | val ROC-AUC: 0.987
[SMOTE] shard rebalanced: n 105,135 -> 130,942 (pos 381 -> 26,188, ratio target 0.25, k=5)
[SMOTE] shard rebalanced: n 46,680 -> 57,278 (pos 857 -> 11,455, ratio target 0.25, k=5)
[SMOTE] shard rebalanced: n 6,727 -> 7,378 (pos 824 -> 1,475, ratio target 0.25, k=5)
[SMOTE] shard rebalanced: n 31,801 -> 39,712 (pos 31 -> 7,942, ratio target 0.25, k=5)
[SMOTE] shard rebalanced: n 17,786 -> 20,412 (pos 1,456 -> 4,082, ratio target 0.25, k=5)
[SMOTE] shard rebalanced: n 6,759 -> 7,378 (pos 856 -> 1,475, ratio target 0.25, k=5)
[SMOTE] shard rebalanced: n 6,727 -> 7,378 (pos 824 -> 1,475, ratio target 0.25, k=5)
[SMOTE] shard rebalanced: n 31,801 -> 39,712 (pos 31 -> 7,942, ratio target 0.25, k=5)
[SMOTE] shard rebalanced: n 105,135 -> 130,942 (pos 381 -> 26,188, ratio target 0.25, k=5)
[SMOTE] shard rebalanced: n 17,786 -> 20,412 (pos 1,456 -> 4,082, ratio target 0.25, k=5)
[SMOTE] shard rebalanced: n 6,759 -> 7,378 (pos 856 -> 1,475, ratio target 0.25, k=5)
[SMOTE] shard rebalanced: n 46,680 -> 57,278 (pos 857 -> 11,455, ratio target 0.25, k=5)
[SMOTE] shard rebalanced: n 31,801 -> 39,712 (pos 31 -> 7,942, ratio target 0.25, k=5)
[SMOTE] shard rebalanced: n 6,759 -> 7,378 (pos 856 -> 1,475, ratio target 0.25, k=5)
[SMOTE] shard rebalanced: n 6,727 -> 7,378 (pos 824 -> 1,475, ratio target 0.25, k=5)
[SMOTE] shard rebalanced: n 105,135 -> 130,942 (pos 381 -> 26,188, ratio target 0.25, k=5)
[SMOTE] shard rebalanced: n 46,680 -> 57,278 (pos 857 -> 11,455, ratio target 0.25, k=5)
[SMOTE] shard rebalanced: n 17,786 -> 20,412 (pos 1,456 -> 4,082, ratio target 0.25, k=5)
[SMOTE] shard rebalanced: n 46,680 -> 57,278 (pos 857 -> 11,455, ratio target 0.25, k=5)
[SMOTE] shard rebalanced: n 105,135 -> 130,942 (pos 381 -> 26,188, ratio target 0.25, k=5)
[SMOTE] shard rebalanced: n 6,727 -> 7,378 (pos 824 -> 1,475, ratio target 0.25, k=5)
[SMOTE] shard rebalanced: n 31,801 -> 39,712 (pos 31 -> 7,942, ratio target 0.25, k=5)
[SMOTE] shard rebalanced: n 17,786 -> 20,412 (pos 1,456 -> 4,082, ratio target 0.25, k=5)
[SMOTE] shard rebalanced: n 6,759 -> 7,378 (pos 856 -> 1,475, ratio target 0.25, k=5)
[SMOTE] shard rebalanced: n 46,680 -> 57,278 (pos 857 -> 11,455, ratio target 0.25, k=5)
[SMOTE] shard rebalanced: n 6,759 -> 7,378 (pos 856 -> 1,475, ratio target 0.25, k=5)
[SMOTE] shard rebalanced: n 6,727 -> 7,378 (pos 824 -> 1,475, ratio target 0.25, k=5)
[SMOTE] shard rebalanced: n 31,801 -> 39,712 (pos 31 -> 7,942, ratio target 0.25, k=5)
[SMOTE] shard rebalanced: n 105,135 -> 130,942 (pos 381 -> 26,188, ratio target 0.25, k=5)
[SMOTE] shard rebalanced: n 17,786 -> 20,412 (pos 1,456 -> 4,082, ratio target 0.25, k=5)
  Round  45 | val F1: 0.719 | val Recall: 0.714 | val ROC-AUC: 0.990
[SMOTE] shard rebalanced: n 6,759 -> 7,378 (pos 856 -> 1,475, ratio target 0.25, k=5)
[SMOTE] shard rebalanced: n 6,727 -> 7,378 (pos 824 -> 1,475, ratio target 0.25, k=5)
[SMOTE] shard rebalanced: n 31,801 -> 39,712 (pos 31 -> 7,942, ratio target 0.25, k=5)
[SMOTE] shard rebalanced: n 17,786 -> 20,412 (pos 1,456 -> 4,082, ratio target 0.25, k=5)
[SMOTE] shard rebalanced: n 46,680 -> 57,278 (pos 857 -> 11,455, ratio target 0.25, k=5)
[SMOTE] shard rebalanced: n 105,135 -> 130,942 (pos 381 -> 26,188, ratio target 0.25, k=5)
[SMOTE] shard rebalanced: n 31,801 -> 39,712 (pos 31 -> 7,942, ratio target 0.25, k=5)
[SMOTE] shard rebalanced: n 6,727 -> 7,378 (pos 824 -> 1,475, ratio target 0.25, k=5)
[SMOTE] shard rebalanced: n 105,135 -> 130,942 (pos 381 -> 26,188, ratio target 0.25, k=5)
[SMOTE] shard rebalanced: n 6,759 -> 7,378 (pos 856 -> 1,475, ratio target 0.25, k=5)
[SMOTE] shard rebalanced: n 46,680 -> 57,278 (pos 857 -> 11,455, ratio target 0.25, k=5)
[SMOTE] shard rebalanced: n 17,786 -> 20,412 (pos 1,456 -> 4,082, ratio target 0.25, k=5)
[SMOTE] shard rebalanced: n 105,135 -> 130,942 (pos 381 -> 26,188, ratio target 0.25, k=5)
[SMOTE] shard rebalanced: n 46,680 -> 57,278 (pos 857 -> 11,455, ratio target 0.25, k=5)
[SMOTE] shard rebalanced: n 17,786 -> 20,412 (pos 1,456 -> 4,082, ratio target 0.25, k=5)
[SMOTE] shard rebalanced: n 6,759 -> 7,378 (pos 856 -> 1,475, ratio target 0.25, k=5)
[SMOTE] shard rebalanced: n 6,727 -> 7,378 (pos 824 -> 1,475, ratio target 0.25, k=5)
[SMOTE] shard rebalanced: n 31,801 -> 39,712 (pos 31 -> 7,942, ratio target 0.25, k=5)
[SMOTE] shard rebalanced: n 31,801 -> 39,712 (pos 31 -> 7,942, ratio target 0.25, k=5)
[SMOTE] shard rebalanced: n 6,759 -> 7,378 (pos 856 -> 1,475, ratio target 0.25, k=5)
[SMOTE] shard rebalanced: n 6,727 -> 7,378 (pos 824 -> 1,475, ratio target 0.25, k=5)
[SMOTE] shard rebalanced: n 17,786 -> 20,412 (pos 1,456 -> 4,082, ratio target 0.25, k=5)
[SMOTE] shard rebalanced: n 105,135 -> 130,942 (pos 381 -> 26,188, ratio target 0.25, k=5)
[SMOTE] shard rebalanced: n 46,680 -> 57,278 (pos 857 -> 11,455, ratio target 0.25, k=5)
[SMOTE] shard rebalanced: n 17,786 -> 20,412 (pos 1,456 -> 4,082, ratio target 0.25, k=5)
[SMOTE] shard rebalanced: n 105,135 -> 130,942 (pos 381 -> 26,188, ratio target 0.25, k=5)
[SMOTE] shard rebalanced: n 6,727 -> 7,378 (pos 824 -> 1,475, ratio target 0.25, k=5)
[SMOTE] shard rebalanced: n 46,680 -> 57,278 (pos 857 -> 11,455, ratio target 0.25, k=5)
[SMOTE] shard rebalanced: n 31,801 -> 39,712 (pos 31 -> 7,942, ratio target 0.25, k=5)
[SMOTE] shard rebalanced: n 6,759 -> 7,378 (pos 856 -> 1,475, ratio target 0.25, k=5)
  Round  50 | val F1: 0.729 | val Recall: 0.703 | val ROC-AUC: 0.990

  [fedprox] Restored best VALIDATION checkpoint (val F1=0.729)
  fedavg_lstm      ROC-AUC 0.961 PR-AUC 0.307  (MLP counterpart 0.875/0.056)
                   seed-42 LSTM counterpart 0.958/0.305
  fedprox_lstm     ROC-AUC 0.946 PR-AUC 0.288  (MLP counterpart 0.930/0.149)
                   seed-42 LSTM counterpart 0.970/0.404
[event] 75,365 raw windows | 75,263 matched (99.86%) | 4409 groups | 65 true events
[event] flare peaks matched 65/65 (ambiguous 4)
[event fedavg_lstm   ] thr 0.085 | events 40/65 (61.5%) | FA/day 0.21 | alerts/day 0.28 | lead 18.0h
[event fedprox_lstm  ] thr 0.230 | events 37/65 (56.9%) | FA/day 0.21 | alerts/day 0.27 | lead 17.8h
[event] -> outputs/event_level_raw_smote.json

[LSTM] report -> outputs/raw_lstm_smote.json (11526s)
