
======================================================================
  SF-9 v3.1.0-improvements | run: run_20260929_102210
  Clients: 6 | Rounds: 50 | mu: 0.01 | seed: 42
  Model: MLP | agg: plain | calib: prior_shift | SMOTE: False
  Protocol: threshold+calibration on VALIDATION; test touched ONCE
======================================================================


==================================================================
  SF-9 DATA LOADING PIPELINE
==================================================================

[Priority 1] Attempting to load CLEANED dataset...
======================================================================
  SF-9: Loading Cleaned SWAN-SF Dataset
  Mode: Auto-detect 2D/3D + Convert to 2D
======================================================================

[Loading] Combining all 5 partitions...

[1/4] Loading training data (preprocessed + balanced)...
      ✓ Partition 1: X=(18773, 60, 24), y=(18773,)
      ⚠ Detected 3D data! Applying 'concat_stats_enhanced' transformation...
      [Transform] Converting 3D (18773, 60, 24) → 2D using 'concat_stats_enhanced' method
      [Transform] Enhanced 6-stat features: (18773, 144) (144 features = 6 stats x 24 base features)
      ✓ Partition 2: X=(19807, 60, 24), y=(19807,)
      ⚠ Detected 3D data! Applying 'concat_stats_enhanced' transformation...
      [Transform] Converting 3D (19807, 60, 24) → 2D using 'concat_stats_enhanced' method
      [Transform] Enhanced 6-stat features: (19807, 144) (144 features = 6 stats x 24 base features)
      ✓ Partition 3: X=(19965, 60, 24), y=(19965,)
      ⚠ Detected 3D data! Applying 'concat_stats_enhanced' transformation...
      [Transform] Converting 3D (19965, 60, 24) → 2D using 'concat_stats_enhanced' method
      [Transform] Enhanced 6-stat features: (19965, 144) (144 features = 6 stats x 24 base features)
      ✓ Partition 4: X=(19320, 60, 24), y=(19320,)
      ⚠ Detected 3D data! Applying 'concat_stats_enhanced' transformation...
      [Transform] Converting 3D (19320, 60, 24) → 2D using 'concat_stats_enhanced' method
      [Transform] Enhanced 6-stat features: (19320, 144) (144 features = 6 stats x 24 base features)
      ✓ Partition 5: X=(19899, 60, 24), y=(19899,)
      ⚠ Detected 3D data! Applying 'concat_stats_enhanced' transformation...
      [Transform] Converting 3D (19899, 60, 24) → 2D using 'concat_stats_enhanced' method
      [Transform] Enhanced 6-stat features: (19899, 144) (144 features = 6 stats x 24 base features)
      ✓ Total training: X=(97764, 144), y=(97764,)
      ✓ Train flare rate: 48.87%

[2/4] Loading test data (cleaned, not resampled)...
      ✓ Partition 1: X=(73492, 60, 24), y=(73492,)
      ⚠ Detected 3D data! Applying 'concat_stats_enhanced' transformation...
      [Transform] Converting 3D (73492, 60, 24) → 2D using 'concat_stats_enhanced' method
      [Transform] Enhanced 6-stat features: (73492, 144) (144 features = 6 stats x 24 base features)
      ✓ Partition 2: X=(88557, 60, 24), y=(88557,)
      ⚠ Detected 3D data! Applying 'concat_stats_enhanced' transformation...
      [Transform] Converting 3D (88557, 60, 24) → 2D using 'concat_stats_enhanced' method
      [Transform] Enhanced 6-stat features: (88557, 144) (144 features = 6 stats x 24 base features)
      ✓ Partition 3: X=(42510, 60, 24), y=(42510,)
      ⚠ Detected 3D data! Applying 'concat_stats_enhanced' transformation...
      [Transform] Converting 3D (42510, 60, 24) → 2D using 'concat_stats_enhanced' method
      [Transform] Enhanced 6-stat features: (42510, 144) (144 features = 6 stats x 24 base features)
      ✓ Partition 4: X=(51261, 60, 24), y=(51261,)
      ⚠ Detected 3D data! Applying 'concat_stats_enhanced' transformation...
      [Transform] Converting 3D (51261, 60, 24) → 2D using 'concat_stats_enhanced' method
      [Transform] Enhanced 6-stat features: (51261, 144) (144 features = 6 stats x 24 base features)
      ✓ Partition 5: X=(75365, 60, 24), y=(75365,)
      ⚠ Detected 3D data! Applying 'concat_stats_enhanced' transformation...
      [Transform] Converting 3D (75365, 60, 24) → 2D using 'concat_stats_enhanced' method
      [Transform] Enhanced 6-stat features: (75365, 144) (144 features = 6 stats x 24 base features)
      ✓ Total test: X=(331185, 144), y=(331185,)
      ✓ Test flare rate: 1.88% (real-world distribution)

[3/4] Extracting feature information...
      ✓ Generated 144 feature names (method: concat_stats_enhanced)

[4/4] Summary:
======================================================================
  Training Set:
    Samples:         97,764
    Features:           144
    Flares:        47,773.0 ( 48.9%)
    Non-flares:    49,991.0 ( 51.1%)

  Test Set:
    Samples:        331,185
    Features:           144
    Flares:         6,234.0 (  1.9%)
    Non-flares:   324,951.0 ( 98.1%)
======================================================================

  ✅ Data loaded successfully! Ready for federated learning.
  ▶ Transformation applied: concat_stats_enhanced
  ▶ Next step: python main.py --use-cleaned-data
======================================================================

[Data] Cleaned dataset loaded: 428,949 samples (144 features, names preserved for interpretability)

==================================================================
  PREPROCESSING PIPELINE (v3.0 immutable split contract)
==================================================================

[Preprocess] Selected 144 feature columns (mode: stat_prefixed)
[Preprocess] Using pre-existing train/test boundary from cleaned dataset.
[Preprocess] Cleaned data already LSBZM-normalized — StandardScaler fitted, NOT applied.
[Preprocess] Train: 82,121 | flare rate: 48.87%
[Preprocess] Val:   15,643 | flare rate: 48.87%  (selection-only)
[Preprocess] Test:  331,185 | flare rate: 1.88%  (final evaluation ONLY)

[Cache] splits cached -> data/cache/phase_data.npz

================================================================
  SF-9 LEAKAGE AUDIT REPORT
================================================================

  Detector self-check:
      PASS  detects_shard_overlap
      PASS  detects_split_overlap
      PASS  detects_region_leakage
      PASS  clean_shards_pass
      PASS  clean_split_pass

  [PASS] split_exclusivity
    train_val_overlap: 0
    train_test_overlap: 0
    val_test_overlap: 0
    pass: True

  OVERALL: PASS
================================================================

[Partition] Disjoint Dirichlet non-IID partitioning (alpha=1.0, seed=42) ...

[Partition] Client A (Americas)            | n= 16,688 | flare rate:  80.5%
[Partition] Client B (Europe)              | n= 29,273 | flare rate:  28.6%
[Partition] Client C (Asia-Pacific)        | n= 14,480 | flare rate:  36.9%
[Partition] Client D (South Asia)          | n= 17,716 | flare rate:  64.2%
[Partition] Client E (East Asia)           | n=  1,879 | flare rate:  37.3%
[Partition] Client F (Oceania)             | n=  2,085 | flare rate:  43.5%
[Partition] coverage: 82,121/82,121 (100.0%) — disjoint by construction

[Centralised] Training pooled baselines ...
[Centralised] Fitting climatology baseline (train prevalence) ...
[Centralised] Training Logistic Regression ...
[Centralised] Training centralized MLP (federation-cost reference) ...
    [Central MLP] epoch 5: val loss 0.1262
    [Central MLP] epoch 10: val loss 0.0875
[Centralised] Training XGBoost (scale_pos_weight from TRAIN, B9) ...
[Centralised] XGBoost scale_pos_weight = 1.05 (train pos rate 0.489)
[Cache] baselines cached

[Model] Creating SolarMLP (input_dim=144, seed=42)
[Model] CUDA not available — using CPU. Install CUDA PyTorch build for GPU acceleration.
[Model] Parameters: 29,377
============================================================
 FEDAVG [cpu] | MLP | agg=plain | pos_rate=0.489
 monitoring: VALIDATION (15,643 samples)
============================================================
  Round   5 | val F1: 0.657 | val Recall: 1.000 | val ROC-AUC: 0.993
  Round  10 | val F1: 0.657 | val Recall: 1.000 | val ROC-AUC: 0.988
  Round  15 | val F1: 0.657 | val Recall: 1.000 | val ROC-AUC: 0.988
  Round  20 | val F1: 0.659 | val Recall: 1.000 | val ROC-AUC: 0.541
  Round  25 | val F1: 0.000 | val Recall: 0.000 | val ROC-AUC: 0.400
  Round  30 | val F1: 0.000 | val Recall: 0.000 | val ROC-AUC: 0.068
  Round  35 | val F1: 0.000 | val Recall: 0.000 | val ROC-AUC: 0.054
  Round  40 | val F1: 0.000 | val Recall: 0.000 | val ROC-AUC: 0.054
  Round  45 | val F1: 0.000 | val Recall: 0.000 | val ROC-AUC: 0.090
  Round  50 | val F1: 0.000 | val Recall: 0.000 | val ROC-AUC: 0.083

  [fedavg] Restored best VALIDATION checkpoint (val F1=0.659)
[Cache] FedAvg cached (round-resumable)

[Model] Creating SolarMLP (input_dim=144, seed=42)
[Model] CUDA not available — using CPU. Install CUDA PyTorch build for GPU acceleration.
[Model] Parameters: 29,377
============================================================
 FedProx (mu=0.01) [cpu] | MLP | agg=plain | pos_rate=0.489
 monitoring: VALIDATION (15,643 samples)
============================================================

======================================================================
  SF-9 v3.1.0-improvements | run: run_20260929_105739
  Clients: 6 | Rounds: 50 | mu: 0.01 | seed: 42
  Model: MLP | agg: plain | calib: prior_shift | SMOTE: False
  Protocol: threshold+calibration on VALIDATION; test touched ONCE
======================================================================

[Cache] splits resumed: train=82,121 val=15,643 test=331,185

================================================================
  SF-9 LEAKAGE AUDIT REPORT
================================================================

  Detector self-check:
      PASS  detects_shard_overlap
      PASS  detects_split_overlap
      PASS  detects_region_leakage
      PASS  clean_shards_pass
      PASS  clean_split_pass

  [PASS] split_exclusivity
    train_val_overlap: 0
    train_test_overlap: 0
    val_test_overlap: 0
    pass: True

  OVERALL: PASS
================================================================

[Cache] client shards rebuilt from cached assignment ([16688, 29273, 14480, 17716, 1879, 2085])

[Centralised] baselines resumed from cache

[FedAvg] complete run resumed from cache

[Model] Creating SolarMLP (input_dim=144, seed=42)
[Model] CUDA not available — using CPU. Install CUDA PyTorch build for GPU acceleration.
[Model] Parameters: 29,377
  [fedprox] resuming from round 3 (crash recovery)
============================================================
 FedProx (mu=0.01) [cpu] | MLP | agg=plain | pos_rate=0.489
 monitoring: VALIDATION (15,643 samples)
============================================================
  Round   5 | val F1: 0.657 | val Recall: 1.000 | val ROC-AUC: 0.994
  Round  10 | val F1: 0.657 | val Recall: 1.000 | val ROC-AUC: 0.992
  Round  15 | val F1: 0.657 | val Recall: 1.000 | val ROC-AUC: 0.991
  Round  20 | val F1: 0.657 | val Recall: 1.000 | val ROC-AUC: 0.991
  Round  25 | val F1: 0.657 | val Recall: 1.000 | val ROC-AUC: 0.990
  Round  30 | val F1: 0.657 | val Recall: 1.000 | val ROC-AUC: 0.990
  Round  35 | val F1: 0.657 | val Recall: 1.000 | val ROC-AUC: 0.988
  Round  40 | val F1: 0.657 | val Recall: 1.000 | val ROC-AUC: 0.988
  Round  45 | val F1: 0.657 | val Recall: 1.000 | val ROC-AUC: 0.988
  Round  50 | val F1: 0.657 | val Recall: 1.000 | val ROC-AUC: 0.989

  [fedprox] Restored best VALIDATION checkpoint (val F1=0.657)
[Cache] FedProx cached (round-resumable)

======================================================================
  EVALUATION PROTOCOL (validation -> freeze -> test once)
======================================================================
  [VAL] climatology                  threshold=0.050  F2=0.827
  [VAL] logistic_regression          threshold=0.225  F2=0.983
  [VAL] xgboost                      threshold=0.370  F2=0.998
  [VAL] fedavg_mlp                   threshold=0.360  F2=0.874
  [VAL] fedprox_mlp                  threshold=0.505  F2=0.977
  [VAL] centralized_mlp              threshold=0.320  F2=0.988
  [VAL] FPR-budget deployment thresholds frozen for 6 models

  Frozen: calibration=prior_shift | thresholds={'climatology': 0.05, 'logistic_regression': 0.22499999999999992, 'xgboost': 0.36999999999999983, 'fedavg_mlp': 0.3599999999999998, 'fedprox_mlp': 0.5049999999999998, 'centralized_mlp': 0.31999999999999984}
  -> applying ONCE to the held-out TEST set ...


==================================================================================
Model                          | Acc    | Prec   | Recall  | F1     | ROC-AUC | Thresh
==================================================================================
Climatology                    | 0.019  | 0.019  | 1.000   | 0.037  | 0.500   | 0.05 
Logistic Regression            | 0.155  | 0.021  | 0.967   | 0.041  | 0.824   | 0.22 
XGBoost (Centralized ref.)     | 0.893  | 0.146  | 0.968   | 0.254  | 0.977   | 0.37 
FedAvg MLP                     | 0.057  | 0.020  | 0.997   | 0.038  | 0.575   | 0.36 
FedProx MLP                    | 0.138  | 0.021  | 0.999   | 0.042  | 0.954   | 0.50 
Centralized MLP                | 0.399  | 0.030  | 0.999   | 0.059  | 0.888   | 0.32 
==================================================================================

[Model] Creating SolarMLP (input_dim=144, seed=42)
[Model] CUDA not available — using CPU. Install CUDA PyTorch build for GPU acceleration.
[Model] Parameters: 29,377
[Client Eval] Client A (Americas): n=16,688 (pos 80.5%) | local PR-AUC 0.999 | fed PR-AUC 0.823
[Model] Creating SolarMLP (input_dim=144, seed=43)
[Model] CUDA not available — using CPU. Install CUDA PyTorch build for GPU acceleration.
[Model] Parameters: 29,377
[Client Eval] Client B (Europe): n=29,273 (pos 28.6%) | local PR-AUC 0.993 | fed PR-AUC 0.393
[Model] Creating SolarMLP (input_dim=144, seed=44)
[Model] CUDA not available — using CPU. Install CUDA PyTorch build for GPU acceleration.
[Model] Parameters: 29,377
[Client Eval] Client C (Asia-Pacific): n=14,480 (pos 36.9%) | local PR-AUC 0.990 | fed PR-AUC 0.458
[Model] Creating SolarMLP (input_dim=144, seed=45)
[Model] CUDA not available — using CPU. Install CUDA PyTorch build for GPU acceleration.
[Model] Parameters: 29,377
[Client Eval] Client D (South Asia): n=17,716 (pos 64.2%) | local PR-AUC 0.998 | fed PR-AUC 0.676
[Model] Creating SolarMLP (input_dim=144, seed=46)
[Model] CUDA not available — using CPU. Install CUDA PyTorch build for GPU acceleration.
[Model] Parameters: 29,377
[Client Eval] Client E (East Asia): n=1,879 (pos 37.3%) | local PR-AUC 0.969 | fed PR-AUC 0.488
[Model] Creating SolarMLP (input_dim=144, seed=47)
[Model] CUDA not available — using CPU. Install CUDA PyTorch build for GPU acceleration.
[Model] Parameters: 29,377
[Client Eval] Client F (Oceania): n=2,085 (pos 43.5%) | local PR-AUC 0.966 | fed PR-AUC 0.532
[Comm] model: 29,377 params (0.12 MB @ 32-bit)
[Comm] per client per round: 0.24 MB (up+down)
[Comm] full run (50 rounds, 6 clients): 70.5 MB total, 11.8 MB per client

[Figures] Generating plots ...
[Plot] Saved → outputs/Confusion_Matrices.png
[Plot] Saved → outputs/ROC_Curves.png
[Plot] Saved → outputs/FL_Convergence.png
[Plot] Saved → outputs/Comparison_Table.png
[SHAP] Computing SHAP values (XGBoost reference) ...
[SHAP] Done.
[Plot] Saved → outputs/SHAP_Feature_Importance.png
[Results] Written -> outputs/results.json
[Results] Written -> outputs/run_manifest.json

[Done] run_20260929_105739 finished in 527.0s
[Done] results -> outputs/results.json

  Federation cost (PR-AUC): centralized MLP 0.153 vs FedProx 0.307 -> delta -0.154

======================================================================

