======================================================================
  SF-7 HYPERPARAMETER SWEEP (validation-selected)
======================================================================
[data] train=82,121 val=15,643 test=331,185 (phase cache)
[Partition] Americas (NASA/NOAA)           | n= 31,899 | flare rate:  84.7%
[Partition] Europe (ESA/PROBA-2)           | n= 23,068 | flare rate:   0.3%
[Partition] Asia-Pacific (JAXA)            | n=    983 | flare rate:  13.5%
[Partition] South Asia (ISRO)              | n=  1,635 | flare rate:  92.8%
[Partition] East Asia (KASI)               | n= 17,782 | flare rate:  26.3%
[Partition] Oceania (BoM)                  | n=  6,754 | flare rate:  99.8%
[Partition] coverage: 82,121/82,121 (100.0%) — disjoint by construction

[sweep] alpha=0.5 mu=0.001
[Model] Creating SolarMLP (input_dim=144, seed=42)
[Model] CUDA not available — using CPU. Install CUDA PyTorch build for GPU acceleration.
[Model] Parameters: 29,377
============================================================
 FedProx (mu=0.001) [cpu] | MLP | agg=plain | pos_rate=0.489
 monitoring: VALIDATION (15,643 samples)
============================================================
  Round   5 | val F1: 0.657 | val Recall: 1.000 | val ROC-AUC: 0.977
  Round  10 | val F1: 0.657 | val Recall: 1.000 | val ROC-AUC: 0.935
  Round  15 | val F1: 0.657 | val Recall: 1.000 | val ROC-AUC: 0.879

  [fedprox] Restored best VALIDATION checkpoint (val F1=0.657)
[sweep] VAL PR-AUC=0.974 F1=0.909
[save] incremental -> outputs/sweep_results.json

[sweep] alpha=0.5 mu=0.01
[Model] Creating SolarMLP (input_dim=144, seed=42)
[Model] CUDA not available — using CPU. Install CUDA PyTorch build for GPU acceleration.
[Model] Parameters: 29,377
============================================================
 FedProx (mu=0.01) [cpu] | MLP | agg=plain | pos_rate=0.489
 monitoring: VALIDATION (15,643 samples)
============================================================
  Round   5 | val F1: 0.657 | val Recall: 1.000 | val ROC-AUC: 0.990
  Round  10 | val F1: 0.657 | val Recall: 1.000 | val ROC-AUC: 0.989
  Round  15 | val F1: 0.657 | val Recall: 1.000 | val ROC-AUC: 0.983

  [fedprox] Restored best VALIDATION checkpoint (val F1=0.657)
[sweep] VAL PR-AUC=0.987 F1=0.928
[save] incremental -> outputs/sweep_results.json

[sweep] alpha=0.5 mu=0.1
[Model] Creating SolarMLP (input_dim=144, seed=42)
[Model] CUDA not available — using CPU. Install CUDA PyTorch build for GPU acceleration.
[Model] Parameters: 29,377
============================================================
 FedProx (mu=0.1) [cpu] | MLP | agg=plain | pos_rate=0.489
 monitoring: VALIDATION (15,643 samples)
============================================================
  Round   5 | val F1: 0.657 | val Recall: 1.000 | val ROC-AUC: 0.977
  Round  10 | val F1: 0.657 | val Recall: 1.000 | val ROC-AUC: 0.984
  Round  15 | val F1: 0.657 | val Recall: 1.000 | val ROC-AUC: 0.986

  [fedprox] Restored best VALIDATION checkpoint (val F1=0.657)
[sweep] VAL PR-AUC=0.973 F1=0.923
[save] incremental -> outputs/sweep_results.json
[Partition] Americas (NASA/NOAA)           | n= 16,688 | flare rate:  80.5%
[Partition] Europe (ESA/PROBA-2)           | n= 29,273 | flare rate:  28.6%
[Partition] Asia-Pacific (JAXA)            | n= 14,480 | flare rate:  36.9%
[Partition] South Asia (ISRO)              | n= 17,716 | flare rate:  64.2%
[Partition] East Asia (KASI)               | n=  1,879 | flare rate:  37.3%
[Partition] Oceania (BoM)                  | n=  2,085 | flare rate:  43.5%
[Partition] coverage: 82,121/82,121 (100.0%) — disjoint by construction

[sweep] alpha=1.0 mu=0.001
[Model] Creating SolarMLP (input_dim=144, seed=42)
[Model] CUDA not available — using CPU. Install CUDA PyTorch build for GPU acceleration.
[Model] Parameters: 29,377
============================================================
 FedProx (mu=0.001) [cpu] | MLP | agg=plain | pos_rate=0.489
 monitoring: VALIDATION (15,643 samples)
============================================================
  Round   5 | val F1: 0.657 | val Recall: 1.000 | val ROC-AUC: 0.993
======================================================================
  SF-7 HYPERPARAMETER SWEEP (validation-selected)
======================================================================
[data] train=82,121 val=15,643 test=331,185 (phase cache)
[resume] 3 completed configs skipped
[Partition] Americas (NASA/NOAA)           | n= 31,899 | flare rate:  84.7%
[Partition] Europe (ESA/PROBA-2)           | n= 23,068 | flare rate:   0.3%
[Partition] Asia-Pacific (JAXA)            | n=    983 | flare rate:  13.5%
[Partition] South Asia (ISRO)              | n=  1,635 | flare rate:  92.8%
[Partition] East Asia (KASI)               | n= 17,782 | flare rate:  26.3%
[Partition] Oceania (BoM)                  | n=  6,754 | flare rate:  99.8%
[Partition] coverage: 82,121/82,121 (100.0%) — disjoint by construction
[Partition] Americas (NASA/NOAA)           | n= 16,688 | flare rate:  80.5%
[Partition] Europe (ESA/PROBA-2)           | n= 29,273 | flare rate:  28.6%
[Partition] Asia-Pacific (JAXA)            | n= 14,480 | flare rate:  36.9%
[Partition] South Asia (ISRO)              | n= 17,716 | flare rate:  64.2%
[Partition] East Asia (KASI)               | n=  1,879 | flare rate:  37.3%
[Partition] Oceania (BoM)                  | n=  2,085 | flare rate:  43.5%
[Partition] coverage: 82,121/82,121 (100.0%) — disjoint by construction

[sweep] alpha=1.0 mu=0.001
[Model] Creating SolarMLP (input_dim=144, seed=42)
[Model] CUDA not available — using CPU. Install CUDA PyTorch build for GPU acceleration.
[Model] Parameters: 29,377
  [fedprox] resuming from round 10 (crash recovery)
============================================================
 FedProx (mu=0.001) [cpu] | MLP | agg=plain | pos_rate=0.489
 monitoring: VALIDATION (15,643 samples)
============================================================
  Round  10 | val F1: 0.657 | val Recall: 1.000 | val ROC-AUC: 0.990
  Round  15 | val F1: 0.657 | val Recall: 1.000 | val ROC-AUC: 0.985

  [fedprox] Restored best VALIDATION checkpoint (val F1=0.657)
[sweep] VAL PR-AUC=0.992 F1=0.957
[save] incremental -> outputs/sweep_results.json

[sweep] alpha=1.0 mu=0.01
[Model] Creating SolarMLP (input_dim=144, seed=42)
[Model] CUDA not available — using CPU. Install CUDA PyTorch build for GPU acceleration.
[Model] Parameters: 29,377
============================================================
 FedProx (mu=0.01) [cpu] | MLP | agg=plain | pos_rate=0.489
 monitoring: VALIDATION (15,643 samples)
============================================================
  Round   5 | val F1: 0.657 | val Recall: 1.000 | val ROC-AUC: 0.994
  Round  10 | val F1: 0.657 | val Recall: 1.000 | val ROC-AUC: 0.992
  Round  15 | val F1: 0.657 | val Recall: 1.000 | val ROC-AUC: 0.992

  [fedprox] Restored best VALIDATION checkpoint (val F1=0.657)
[sweep] VAL PR-AUC=0.993 F1=0.948
[save] incremental -> outputs/sweep_results.json

[sweep] alpha=1.0 mu=0.1
[Model] Creating SolarMLP (input_dim=144, seed=42)
[Model] CUDA not available — using CPU. Install CUDA PyTorch build for GPU acceleration.
[Model] Parameters: 29,377
============================================================
 FedProx (mu=0.1) [cpu] | MLP | agg=plain | pos_rate=0.489
 monitoring: VALIDATION (15,643 samples)
============================================================
  Round   5 | val F1: 0.657 | val Recall: 1.000 | val ROC-AUC: 0.992
  Round  10 | val F1: 0.657 | val Recall: 1.000 | val ROC-AUC: 0.993
  Round  15 | val F1: 0.657 | val Recall: 1.000 | val ROC-AUC: 0.993

  [fedprox] Restored best VALIDATION checkpoint (val F1=0.657)
[sweep] VAL PR-AUC=0.989 F1=0.968
[save] incremental -> outputs/sweep_results.json
[Partition] Americas (NASA/NOAA)           | n= 14,231 | flare rate:  49.6%
[Partition] Europe (ESA/PROBA-2)           | n=  9,228 | flare rate:  41.6%
[Partition] Asia-Pacific (JAXA)            | n= 12,996 | flare rate:  60.4%
[Partition] South Asia (ISRO)              | n= 12,707 | flare rate:  59.5%
[Partition] East Asia (KASI)               | n= 19,681 | flare rate:  43.8%
[Partition] Oceania (BoM)                  | n= 13,278 | flare rate:  39.4%
[Partition] coverage: 82,121/82,121 (100.0%) — disjoint by construction

[sweep] alpha=5.0 mu=0.001
[Model] Creating SolarMLP (input_dim=144, seed=42)
[Model] CUDA not available — using CPU. Install CUDA PyTorch build for GPU acceleration.
[Model] Parameters: 29,377
============================================================
 FedProx (mu=0.001) [cpu] | MLP | agg=plain | pos_rate=0.489
 monitoring: VALIDATION (15,643 samples)
============================================================
  Round   5 | val F1: 0.657 | val Recall: 1.000 | val ROC-AUC: 0.994
  Round  10 | val F1: 0.657 | val Recall: 1.000 | val ROC-AUC: 0.994
  Round  15 | val F1: 0.657 | val Recall: 1.000 | val ROC-AUC: 0.994

  [fedprox] Restored best VALIDATION checkpoint (val F1=0.657)
[sweep] VAL PR-AUC=0.993 F1=0.954
[save] incremental -> outputs/sweep_results.json

[sweep] alpha=5.0 mu=0.01
[Model] Creating SolarMLP (input_dim=144, seed=42)
[Model] CUDA not available — using CPU. Install CUDA PyTorch build for GPU acceleration.
[Model] Parameters: 29,377
============================================================
 FedProx (mu=0.01) [cpu] | MLP | agg=plain | pos_rate=0.489
 monitoring: VALIDATION (15,643 samples)
============================================================
======================================================================
  SF-7 HYPERPARAMETER SWEEP (validation-selected)
======================================================================
[data] train=82,121 val=15,643 test=331,185 (phase cache)
[resume] 7 completed configs skipped
[Partition] Americas (NASA/NOAA)           | n= 31,899 | flare rate:  84.7%
[Partition] Europe (ESA/PROBA-2)           | n= 23,068 | flare rate:   0.3%
[Partition] Asia-Pacific (JAXA)            | n=    983 | flare rate:  13.5%
[Partition] South Asia (ISRO)              | n=  1,635 | flare rate:  92.8%
[Partition] East Asia (KASI)               | n= 17,782 | flare rate:  26.3%
[Partition] Oceania (BoM)                  | n=  6,754 | flare rate:  99.8%
[Partition] coverage: 82,121/82,121 (100.0%) — disjoint by construction
[Partition] Americas (NASA/NOAA)           | n= 16,688 | flare rate:  80.5%
[Partition] Europe (ESA/PROBA-2)           | n= 29,273 | flare rate:  28.6%
[Partition] Asia-Pacific (JAXA)            | n= 14,480 | flare rate:  36.9%
[Partition] South Asia (ISRO)              | n= 17,716 | flare rate:  64.2%
[Partition] East Asia (KASI)               | n=  1,879 | flare rate:  37.3%
[Partition] Oceania (BoM)                  | n=  2,085 | flare rate:  43.5%
[Partition] coverage: 82,121/82,121 (100.0%) — disjoint by construction
[Partition] Americas (NASA/NOAA)           | n= 14,231 | flare rate:  49.6%
[Partition] Europe (ESA/PROBA-2)           | n=  9,228 | flare rate:  41.6%
[Partition] Asia-Pacific (JAXA)            | n= 12,996 | flare rate:  60.4%
[Partition] South Asia (ISRO)              | n= 12,707 | flare rate:  59.5%
[Partition] East Asia (KASI)               | n= 19,681 | flare rate:  43.8%
[Partition] Oceania (BoM)                  | n= 13,278 | flare rate:  39.4%
[Partition] coverage: 82,121/82,121 (100.0%) — disjoint by construction

[sweep] alpha=5.0 mu=0.01
[Model] Creating SolarMLP (input_dim=144, seed=42)
[Model] CUDA not available — using CPU. Install CUDA PyTorch build for GPU acceleration.
[Model] Parameters: 29,377
  [fedprox] resuming from round 5 (crash recovery)
============================================================
 FedProx (mu=0.01) [cpu] | MLP | agg=plain | pos_rate=0.489
 monitoring: VALIDATION (15,643 samples)
============================================================
  Round   5 | val F1: 0.657 | val Recall: 1.000 | val ROC-AUC: 0.995
  Round  10 | val F1: 0.657 | val Recall: 1.000 | val ROC-AUC: 0.994
  Round  15 | val F1: 0.657 | val Recall: 1.000 | val ROC-AUC: 0.994

  [fedprox] Restored best VALIDATION checkpoint (val F1=0.657)
[sweep] VAL PR-AUC=0.993 F1=0.954
[save] incremental -> outputs/sweep_results.json

[sweep] alpha=5.0 mu=0.1
[Model] Creating SolarMLP (input_dim=144, seed=42)
[Model] CUDA not available — using CPU. Install CUDA PyTorch build for GPU acceleration.
[Model] Parameters: 29,377
============================================================
 FedProx (mu=0.1) [cpu] | MLP | agg=plain | pos_rate=0.489
 monitoring: VALIDATION (15,643 samples)
============================================================
  Round   5 | val F1: 0.657 | val Recall: 1.000 | val ROC-AUC: 0.992
  Round  10 | val F1: 0.657 | val Recall: 1.000 | val ROC-AUC: 0.993
  Round  15 | val F1: 0.657 | val Recall: 1.000 | val ROC-AUC: 0.994

  [fedprox] Restored best VALIDATION checkpoint (val F1=0.657)
[sweep] VAL PR-AUC=0.990 F1=0.963
[save] incremental -> outputs/sweep_results.json

[sweep] VALIDATION winner: alpha=5.0 mu=0.01 (PR-AUC 0.993)
[Partition] Americas (NASA/NOAA)           | n= 14,231 | flare rate:  49.6%
[Partition] Europe (ESA/PROBA-2)           | n=  9,228 | flare rate:  41.6%
[Partition] Asia-Pacific (JAXA)            | n= 12,996 | flare rate:  60.4%
[Partition] South Asia (ISRO)              | n= 12,707 | flare rate:  59.5%
[Partition] East Asia (KASI)               | n= 19,681 | flare rate:  43.8%
[Partition] Oceania (BoM)                  | n= 13,278 | flare rate:  39.4%
[Partition] coverage: 82,121/82,121 (100.0%) — disjoint by construction
[Model] Creating SolarMLP (input_dim=144, seed=42)
[Model] CUDA not available — using CPU. Install CUDA PyTorch build for GPU acceleration.
[Model] Parameters: 29,377
  [fedprox] identical completed run found — reusing cached model
[sweep] TEST (winner config): PR-AUC=0.297 F1=0.044

[Done] sweep results -> outputs/sweep_results.json
